Archive member included to satisfy reference by file (symbol)

C:/devkitPro/libogc/lib/wii\libwiiuse.a(wpad.o)
                              vibe.o (WPAD_Init)
C:/devkitPro/libogc/lib/wii\libwiiuse.a(motion_plus.o)
                              C:/devkitPro/libogc/lib/wii\libwiiuse.a(wpad.o) (wiiuse_set_motion_plus)
C:/devkitPro/libogc/lib/wii\libwiiuse.a(dynamics.o)
                              C:/devkitPro/libogc/lib/wii\libwiiuse.a(wpad.o) (calculate_gforce)
C:/devkitPro/libogc/lib/wii\libwiiuse.a(io.o)
                              C:/devkitPro/libogc/lib/wii\libwiiuse.a(motion_plus.o) (wiiuse_disable_expansion)
C:/devkitPro/libogc/lib/wii\libwiiuse.a(io_wii.o)
                              C:/devkitPro/libogc/lib/wii\libwiiuse.a(wpad.o) (__wiiuse_sensorbar_enable)
C:/devkitPro/libogc/lib/wii\libwiiuse.a(ir.o)
                              C:/devkitPro/libogc/lib/wii\libwiiuse.a(motion_plus.o) (wiiuse_set_ir_mode)
C:/devkitPro/libogc/lib/wii\libwiiuse.a(nunchuk.o)
                              C:/devkitPro/libogc/lib/wii\libwiiuse.a(io.o) (nunchuk_handshake)
C:/devkitPro/libogc/lib/wii\libwiiuse.a(wiiboard.o)
                              C:/devkitPro/libogc/lib/wii\libwiiuse.a(io.o) (wii_board_handshake)
C:/devkitPro/libogc/lib/wii\libwiiuse.a(wiiuse.o)
                              C:/devkitPro/libogc/lib/wii\libwiiuse.a(wpad.o) (wiiuse_init)
C:/devkitPro/libogc/lib/wii\libwiiuse.a(speaker.o)
                              C:/devkitPro/libogc/lib/wii\libwiiuse.a(wpad.o) (wencdata)
C:/devkitPro/libogc/lib/wii\libwiiuse.a(classic.o)
                              C:/devkitPro/libogc/lib/wii\libwiiuse.a(io.o) (classic_ctrl_handshake)
C:/devkitPro/libogc/lib/wii\libwiiuse.a(events.o)
                              C:/devkitPro/libogc/lib/wii\libwiiuse.a(io_wii.o) (parse_event)
C:/devkitPro/libogc/lib/wii\libwiiuse.a(guitar_hero_3.o)
                              C:/devkitPro/libogc/lib/wii\libwiiuse.a(io.o) (guitar_hero_3_handshake)
C:/devkitPro/libogc/lib/wii\libbte.a(bte.o)
                              C:/devkitPro/libogc/lib/wii\libwiiuse.a(wpad.o) (BTE_Init)
C:/devkitPro/libogc/lib/wii\libbte.a(hci.o)
                              C:/devkitPro/libogc/lib/wii\libbte.a(bte.o) (hci_init)
C:/devkitPro/libogc/lib/wii\libbte.a(l2cap.o)
                              C:/devkitPro/libogc/lib/wii\libbte.a(bte.o) (l2cap_init)
C:/devkitPro/libogc/lib/wii\libbte.a(btmemb.o)
                              C:/devkitPro/libogc/lib/wii\libbte.a(bte.o) (btmemb_init)
C:/devkitPro/libogc/lib/wii\libbte.a(btmemr.o)
                              C:/devkitPro/libogc/lib/wii\libbte.a(hci.o) (btmemr_init)
C:/devkitPro/libogc/lib/wii\libbte.a(btpbuf.o)
                              C:/devkitPro/libogc/lib/wii\libbte.a(hci.o) (btpbuf_init)
C:/devkitPro/libogc/lib/wii\libbte.a(physbusif.o)
                              C:/devkitPro/libogc/lib/wii\libbte.a(bte.o) (physbusif_init)
C:/devkitPro/libogc/lib/wii\libogc.a(console.o)
                              vibe.o (CON_Init)
C:/devkitPro/libogc/lib/wii\libogc.a(lwp_queue.o)
                              C:/devkitPro/libogc/lib/wii\libwiiuse.a(io_wii.o) (__lwp_queue_initialize)
C:/devkitPro/libogc/lib/wii\libogc.a(lwp_threads.o)
                              C:/devkitPro/libogc/lib/wii\libwiiuse.a(wpad.o) (_thread_dispatch_disable_level)
C:/devkitPro/libogc/lib/wii\libogc.a(lwp.o)
                              C:/devkitPro/libogc/lib/wii\libbte.a(bte.o) (LWP_InitQueue)
C:/devkitPro/libogc/lib/wii\libogc.a(lwp_handler.o)
                              C:/devkitPro/libogc/lib/wii\libogc.a(lwp_threads.o) (_cpu_context_save_fp)
C:/devkitPro/libogc/lib/wii\libogc.a(lwp_stack.o)
                              C:/devkitPro/libogc/lib/wii\libogc.a(lwp_threads.o) (__lwp_stack_allocate)
C:/devkitPro/libogc/lib/wii\libogc.a(lwp_watchdog.o)
                              C:/devkitPro/libogc/lib/wii\libogc.a(lwp_threads.o) (__lwp_wd_insert)
C:/devkitPro/libogc/lib/wii\libogc.a(lwp_wkspace.o)
                              C:/devkitPro/libogc/lib/wii\libwiiuse.a(motion_plus.o) (__wkspace_heap)
C:/devkitPro/libogc/lib/wii\libogc.a(lwp_objmgr.o)
                              C:/devkitPro/libogc/lib/wii\libogc.a(lwp.o) (__lwp_objmgr_initinfo)
C:/devkitPro/libogc/lib/wii\libogc.a(lwp_heap.o)
                              C:/devkitPro/libogc/lib/wii\libogc.a(lwp_wkspace.o) (__lwp_heap_init)
C:/devkitPro/libogc/lib/wii\libogc.a(sys_state.o)
                              C:/devkitPro/libogc/lib/wii\libogc.a(lwp_threads.o) (_sys_state_curr)
C:/devkitPro/libogc/lib/wii\libogc.a(irq.o)
                              C:/devkitPro/libogc/lib/wii\libwiiuse.a(io_wii.o) (IRQ_Disable)
C:/devkitPro/libogc/lib/wii\libogc.a(video.o)
                              C:/devkitPro/libogc/lib/wii\libogc.a(console.o) (VIDEO_GetCurrentFramebuffer)
C:/devkitPro/libogc/lib/wii\libogc.a(system.o)
                              C:/devkitPro/libogc/lib/wii\libwiiuse.a(wpad.o) (__SYS_DoPowerCB)
[...]
Memory Configuration

Name             Origin             Length             Attributes
*default*        0x0000000000000000 0xffffffffffffffff

Linker script and memory map

                0x0000000000003400                . = 0x3400

.stub
 *(.stub)
                0x0000000080004000                . = 0x80004000

.init           0x0000000080004000      0x194
 *crt0.o(*.init)
 .init          0x0000000080004000      0x170 C:/devkitPro/libogc/lib/wii\libogc.a(ogc_crt0.o)
                0x0000000080004000                _start
                0x0000000080004140                _memset
 *(.init)
 .init          0x0000000080004170        0xc c:/devkitpro/devkitppc/bin/../lib/gcc/powerpc-eabi/11.2.0/ecrti.o
                0x0000000080004170                __init
 .init          0x000000008000417c        0x4 c:/devkitpro/devkitppc/bin/../lib/gcc/powerpc-eabi/11.2.0/crtbegin.o
 .init          0x0000000080004180        0x4 c:/devkitpro/devkitppc/bin/../lib/gcc/powerpc-eabi/11.2.0/crtend.o
 .init          0x0000000080004184       0x10 c:/devkitpro/devkitppc/bin/../lib/gcc/powerpc-eabi/11.2.0/ecrtn.o

.rela.dyn       0x0000000080004194        0x0
 .rela.iplt     0x0000000080004194        0x0 c:/devkitpro/devkitppc/bin/../lib/gcc/powerpc-eabi/11.2.0/crtbegin.o

.plt
 *(.plt)

.interp
 *(.interp)

.hash
 *(.hash)

.dynsym
 *(.dynsym)

.dynstr
 *(.dynstr)

.gnu.version
 *(.gnu.version)

.gnu.version_d
 *(.gnu.version_d)

.gnu.version_r
 *(.gnu.version_r)

.rel.init
 *(.rel.init)

.rela.init      0x0000000080004194        0x0
 *(.rela.init)
 .rela.init     0x0000000080004194        0x0 c:/devkitpro/devkitppc/bin/../lib/gcc/powerpc-eabi/11.2.0/crtbegin.o

.rel.text
 *(.rel.text .rel.text.* .rel.gnu.linkonce.t.*)

.rela.text      0x0000000080004194        0x0
 *(.rela.text .rela.text.* .rela.gnu.linkonce.t.*)
 .rela.text.__do_global_dtors_aux
                0x0000000080004194        0x0 c:/devkitpro/devkitppc/bin/../lib/gcc/powerpc-eabi/11.2.0/crtbegin.o
 .rela.text.frame_dummy
                0x0000000080004194        0x0 c:/devkitpro/devkitppc/bin/../lib/gcc/powerpc-eabi/11.2.0/crtbegin.o
 .rela.text.__lwp_sysinit
                0x0000000080004194        0x0 c:/devkitpro/devkitppc/bin/../lib/gcc/powerpc-eabi/11.2.0/crtbegin.o
 .rela.text.__irq_init
                0x0000000080004194        0x0 c:/devkitpro/devkitppc/bin/../lib/gcc/powerpc-eabi/11.2.0/crtbegin.o
 .rela.text.SYS_Init
                0x0000000080004194        0x0 c:/devkitpro/devkitppc/bin/../lib/gcc/powerpc-eabi/11.2.0/crtbegin.o
 .rela.text.__CheckARGV
                0x0000000080004194        0x0 c:/devkitpro/devkitppc/bin/../lib/gcc/powerpc-eabi/11.2.0/crtbegin.o
 .rela.text.__GX_InitRevBits
                0x0000000080004194        0x0 c:/devkitpro/devkitppc/bin/../lib/gcc/powerpc-eabi/11.2.0/crtbegin.o
 .rela.text.GX_AbortFrame
                0x0000000080004194        0x0 c:/devkitpro/devkitppc/bin/../lib/gcc/powerpc-eabi/11.2.0/crtbegin.o

.rel.fini
 *(.rel.fini)

.rela.fini
 *(.rela.fini)

.rel.rodata
 *(.rel.rodata .rel.rodata.* .rel.gnu.linkonce.r.*)

.rela.rodata
 *(.rela.rodata .rela.rodata.* .rela.gnu.linkonce.r.*)

.rel.data
 *(.rel.data .rel.data.* .rel.gnu.linkonce.d.*)

.rela.data
 *(.rela.data .rela.data.* .rela.gnu.linkonce.d.*)

.rel.tdata
 *(.rel.tdata .rel.tdata.* .rel.gnu.linkonce.td.*)

.rela.tdata
 *(.rela.tdata .rela.tdata.* .rela.gnu.linkonce.td.*)

.rel.tbss
 *(.rel.tbss .rel.tbss.* .rel.gnu.linkonce.tb.*)

.rela.tbss
 *(.rela.tbss .rela.tbss.* .rela.gnu.linkonce.tb.*)

.rel.ctors
 *(.rel.ctors)

.rela.ctors
 *(.rela.ctors)

.rel.dtors
 *(.rel.dtors)

.rela.dtors
 *(.rela.dtors)

.rel.got
 *(.rel.got)

.rela.got
 *(.rela.got)

.rela.got1
 *(.rela.got1)

.rela.got2
 *(.rela.got2)

.rel.sdata
 *(.rel.sdata .rel.sdata.* .rel.gnu.linkonce.s.*)

.rela.sdata
 *(.rela.sdata .rela.sdata.* .rela.gnu.linkonce.s.*)

.rel.sbss
 *(.rel.sbss .rel.sbss.* .rel.gnu.linkonce.sb.*)

.rela.sbss
 *(.rela.sbss .rela.sbss.* .rel.gnu.linkonce.sb.*)

.rel.sdata2
 *(.rel.sdata2 .rel.sdata2.* .rel.gnu.linkonce.s2.*)

.rela.sdata2    0x0000000080004194        0x0
 *(.rela.sdata2 .rela.sdata2.* .rela.gnu.linkonce.s2.*)
 .rela.sdata2.__sys_inIPL
                0x0000000080004194        0x0 c:/devkitpro/devkitppc/bin/../lib/gcc/powerpc-eabi/11.2.0/crtbegin.o

.rel.sbss2
 *(.rel.sbss2 .rel.sbss2.* .rel.gnu.linkonce.sb2.*)

.rela.sbss2
 *(.rela.sbss2 .rela.sbss2.* .rela.gnu.linkonce.sb2.*)

.rel.bss
 *(.rel.bss .rel.bss.* .rel.gnu.linkonce.b.*)

.rela.bss
 *(.rela.bss .rela.bss.* .rela.gnu.linkonce.b.*)

.rel.plt
 *(.rel.plt)

.rela.plt
 *(.rela.plt)

.text           0x00000000800041a0    0x3b560
 *(.text)
 .text          0x00000000800041a0      0x44c C:/devkitPro/libogc/lib/wii\libogc.a(lwp_handler.o)
                0x00000000800041a0                _cpu_context_save_fp
                0x00000000800042e0                _cpu_context_restore_fp
                0x0000000080004420                _cpu_context_switch
                0x0000000080004500                _cpu_context_save
                0x0000000080004580                _cpu_context_restore
 .text          0x00000000800045ec      0x4a0 C:/devkitPro/libogc/lib/wii\libogc.a(system_asm.o)
                0x00000000800045ec                __realmode
                0x0000000080004604                __configBATS
                0x0000000080004734                __InitFPRS
                0x0000000080004860                __InitPS
                0x00000000800048bc                __InitCache
                0x0000000080004914                __InitSystem
                0x000000008000499c                __flush_cache
                0x00000000800049d0                __reset
                0x0000000080004a40                __InitBATS
                0x0000000080004a5c                SYS_SwitchFiber
 .text          0x0000000080004a8c      0x1ac C:/devkitPro/libogc/lib/wii\libogc.a(irq_handler.o)
                0x0000000080004a8c                irq_exceptionhandler
 .text          0x0000000080004c38      0x4f4 C:/devkitPro/libogc/lib/wii\libogc.a(cache_asm.o)
                0x0000000080004c38                DCFlashInvalidate
                0x0000000080004c4c                DCEnable
                0x0000000080004c60                DCDisable
                0x0000000080004c74                DCFreeze
                0x0000000080004c88                DCUnfreeze
                0x0000000080004c9c                DCTouchLoad
                0x0000000080004ca4                DCBlockZero
                0x0000000080004cac                DCBlockStore
                0x0000000080004cb4                DCBlockFlush
                0x0000000080004cbc                DCBlockInvalidate
                0x0000000080004cc4                DCInvalidateRange
                0x0000000080004cf4                DCFlushRange
                0x0000000080004d28                DCStoreRange
                0x0000000080004d5c                DCFlushRangeNoSync
                0x0000000080004d8c                DCStoreRangeNoSync
                0x0000000080004dbc                DCZeroRange
                0x0000000080004dec                DCTouchRange
                0x0000000080004e1c                ICInvalidateRange
                0x0000000080004e54                ICFlashInvalidate
                0x0000000080004e68                ICEnable
                0x0000000080004e7c                ICDisable
                0x0000000080004e90                ICFreeze
                0x0000000080004ea4                ICUnfreeze
                0x0000000080004eb8                ICBlockInvalidate
                0x0000000080004ec0                ICSync
                0x0000000080004ec8                L2Init
                0x0000000080004f10                L2Enable
                0x0000000080004f2c                L2Disable
                0x0000000080004f44                L2GlobalInvalidate
                0x0000000080004f9c                __LCEnable
                0x0000000080005068                LCDisable
                0x0000000080005090                LCAllocOneTag
                0x00000000800050a4                LCAllocTags
                0x00000000800050e4                LCLoadBlocks
                0x0000000080005108                LCStoreBlocks
 .text          0x000000008000512c      0x1ac C:/devkitPro/libogc/lib/wii\libogc.a(decrementer_handler.o)
                0x000000008000512c                dec_exceptionhandler
 .text          0x00000000800052d8      0x35c C:/devkitPro/libogc/lib/wii\libogc.a(exception_handler.o)
                0x00000000800052d8                exceptionhandler_start
                0x0000000080005354                exceptionhandler_patch
                0x0000000080005388                exceptionhandler_end
                0x000000008000538c                default_exceptionhandler
                0x00000000800054bc                fpu_exceptionhandler
                0x0000000080005604                systemcallhandler_start
                0x0000000080005630                systemcallhandler_end
 .text          0x0000000080005634       0x48 c:/devkitpro/devkitppc/bin/../lib/gcc/powerpc-eabi/11.2.0\libgcc.a(eabi.o)
                0x0000000080005634                __eabi
 *(.text.*)
 .text.__do_global_dtors_aux
                0x000000008000567c       0xcc c:/devkitpro/devkitppc/bin/../lib/gcc/powerpc-eabi/11.2.0/crtbegin.o
 .text.frame_dummy
                0x0000000080005748       0x24 c:/devkitpro/devkitppc/bin/../lib/gcc/powerpc-eabi/11.2.0/crtbegin.o
 .text.__crtmain
                0x000000008000576c       0x44 c:/devkitpro/devkitppc/bin/../lib/gcc/powerpc-eabi/11.2.0/../../../../powerpc-eabi/lib/crtmain.o
                0x0000000080005770                __crtmain
 .text.startup.main
                0x00000000800057b0      0x170 vibe.o
                0x00000000800057b0                main
 .text.__wpad_assign_slot
                0x0000000080005920      0x244 C:/devkitPro/libogc/lib/wii\libwiiuse.a(wpad.o)
                0x0000000080005920                __wpad_assign_slot
 .text.__wpad_def_powcb
                0x0000000080005b64        0x4 C:/devkitPro/libogc/lib/wii\libwiiuse.a(wpad.o)
 .text.__readlinkkey_finished
                0x0000000080005b68       0x34 C:/devkitPro/libogc/lib/wii\libwiiuse.a(wpad.o)
 .text.__wpad_patch_finished
                0x0000000080005b9c       0x2c C:/devkitPro/libogc/lib/wii\libwiiuse.a(wpad.o)
 .text.__wpad_setfmt
                0x0000000080005bc8      0x158 C:/devkitPro/libogc/lib/wii\libwiiuse.a(wpad.o)
 .text.__wpad_eventCB
                0x0000000080005d20      0xae4 C:/devkitPro/libogc/lib/wii\libwiiuse.a(wpad.o)
 .text.__wpad_disconnectCB
                0x0000000080006804       0xd4 C:/devkitPro/libogc/lib/wii\libwiiuse.a(wpad.o)
                0x0000000080006804                __wpad_disconnectCB
 .text.__wpad_timeouthandler
                0x00000000800068d8       0xb0 C:/devkitPro/libogc/lib/wii\libwiiuse.a(wpad.o)
 .text.__initcore_finished
                0x0000000080006988       0x48 C:/devkitPro/libogc/lib/wii\libwiiuse.a(wpad.o)
 .text.__wpad_init_finished
                0x00000000800069d0      0x18c C:/devkitPro/libogc/lib/wii\libwiiuse.a(wpad.o)
 .text.WPAD_ReadEvent
                0x0000000080006b5c      0x690 C:/devkitPro/libogc/lib/wii\libwiiuse.a(wpad.o)
                0x0000000080006b5c                WPAD_ReadEvent
 .text.WPAD_ReadPending
                0x00000000800071ec      0x1c4 C:/devkitPro/libogc/lib/wii\libwiiuse.a(wpad.o)
                0x00000000800071ec                WPAD_ReadPending
 .text.WPAD_Shutdown
                0x00000000800073b0      0x108 C:/devkitPro/libogc/lib/wii\libwiiuse.a(wpad.o)
                0x00000000800073b0                WPAD_Shutdown
 .text.WPAD_Init
                0x00000000800074b8      0x2c4 C:/devkitPro/libogc/lib/wii\libwiiuse.a(wpad.o)
                0x00000000800074b8                WPAD_Init
 .text.__wpad_onreset
                0x000000008000777c       0x34 C:/devkitPro/libogc/lib/wii\libwiiuse.a(wpad.o)
 .text.WPAD_ScanPads
                0x00000000800077b0       0x94 C:/devkitPro/libogc/lib/wii\libwiiuse.a(wpad.o)
                0x00000000800077b0                WPAD_ScanPads
 .text.WPAD_Rumble
                0x0000000080007844      0x148 C:/devkitPro/libogc/lib/wii\libwiiuse.a(wpad.o)
                0x0000000080007844                WPAD_Rumble
 .text.WPAD_ButtonsDown
                0x000000008000798c       0x28 C:/devkitPro/libogc/lib/wii\libwiiuse.a(wpad.o)
                0x000000008000798c                WPAD_ButtonsDown
 .text.motion_plus_disconnected
                0x00000000800079b4       0x10 C:/devkitPro/libogc/lib/wii\libwiiuse.a(motion_plus.o)
                0x00000000800079b4                motion_plus_disconnected
 .text.motion_plus_event
                0x00000000800079c4       0x64 C:/devkitPro/libogc/lib/wii\libwiiuse.a(motion_plus.o)
                0x00000000800079c4                motion_plus_event
 .text.calculate_gforce
                0x0000000080007a28      0x114 C:/devkitPro/libogc/lib/wii\libwiiuse.a(dynamics.o)
                0x0000000080007a28                calculate_gforce
 .text.calc_joystick_state
                0x0000000080007b3c      0x210 C:/devkitPro/libogc/lib/wii\libwiiuse.a(dynamics.o)
                0x0000000080007b3c                calc_joystick_state
 .text.apply_smoothing
                0x0000000080007d4c      0x120 C:/devkitPro/libogc/lib/wii\libwiiuse.a(dynamics.o)
                0x0000000080007d4c                apply_smoothing
 .text.calculate_orientation
                0x0000000080007e6c      0x340 C:/devkitPro/libogc/lib/wii\libwiiuse.a(dynamics.o)
                0x0000000080007e6c                calculate_orientation
 .text.calc_balanceboard_state
                0x00000000800081ac      0x3a4 C:/devkitPro/libogc/lib/wii\libwiiuse.a(dynamics.o)
                0x00000000800081ac                calc_balanceboard_state
 .text.wiiuse_handshake
                0x0000000080008550      0x26c C:/devkitPro/libogc/lib/wii\libwiiuse.a(io.o)
                0x0000000080008550                wiiuse_handshake
 .text.wiiuse_handshake_expansion
                0x00000000800087bc      0x1fc C:/devkitPro/libogc/lib/wii\libwiiuse.a(io.o)
                0x00000000800087bc                wiiuse_handshake_expansion
 .text.wiiuse_handshake_expansion_start
                0x00000000800089b8       0x5c C:/devkitPro/libogc/lib/wii\libwiiuse.a(io.o)
                0x00000000800089b8                wiiuse_handshake_expansion_start
 .text.wiiuse_disable_expansion
                0x0000000080008a14      0x1b0 C:/devkitPro/libogc/lib/wii\libwiiuse.a(io.o)
                0x0000000080008a14                wiiuse_disable_expansion
 .text.__wiiuse_connected
                0x0000000080008bc4       0x9c C:/devkitPro/libogc/lib/wii\libwiiuse.a(io_wii.o)
 .text.__wiiuse_disconnected
                0x0000000080008c60       0xb4 C:/devkitPro/libogc/lib/wii\libwiiuse.a(io_wii.o)
 .text.__wiiuse_receive
                0x0000000080008d14       0xd0 C:/devkitPro/libogc/lib/wii\libwiiuse.a(io_wii.o)
 .text.__wiiuse_sensorbar_enable
                0x0000000080008de4       0x54 C:/devkitPro/libogc/lib/wii\libwiiuse.a(io_wii.o)
                0x0000000080008de4                __wiiuse_sensorbar_enable
 .text.wiiuse_register
                0x0000000080008e38       0xf0 C:/devkitPro/libogc/lib/wii\libwiiuse.a(io_wii.o)
                0x0000000080008e38                wiiuse_register
 .text.wiiuse_disconnect
                0x0000000080008f28       0x24 C:/devkitPro/libogc/lib/wii\libwiiuse.a(io_wii.o)
                0x0000000080008f28                wiiuse_disconnect
 .text.wiiuse_init_cmd_queue
                0x0000000080008f4c       0x9c C:/devkitPro/libogc/lib/wii\libwiiuse.a(io_wii.o)
                0x0000000080008f4c                wiiuse_init_cmd_queue
 .text.wiiuse_io_write
                0x0000000080008fe8       0x1c C:/devkitPro/libogc/lib/wii\libwiiuse.a(io_wii.o)
                0x0000000080008fe8                wiiuse_io_write
 .text.rotate_dots
                0x0000000080009004      0x13c C:/devkitPro/libogc/lib/wii\libwiiuse.a(ir.o)
 .text.get_ir_sens.constprop.0.isra.0
                0x0000000080009140       0xdc C:/devkitPro/libogc/lib/wii\libwiiuse.a(ir.o)
 .text.wiiuse_set_ir_mode
                0x000000008000921c       0x88 C:/devkitPro/libogc/lib/wii\libwiiuse.a(ir.o)
                0x000000008000921c                wiiuse_set_ir_mode
 .text.wiiuse_set_ir
                0x00000000800092a4      0x208 C:/devkitPro/libogc/lib/wii\libwiiuse.a(ir.o)
                0x00000000800092a4                wiiuse_set_ir
 .text.wiiuse_set_ir_position
                0x00000000800094ac       0x80 C:/devkitPro/libogc/lib/wii\libwiiuse.a(ir.o)
                0x00000000800094ac                wiiuse_set_ir_position
 .text.wiiuse_set_aspect_ratio
                0x000000008000952c       0xac C:/devkitPro/libogc/lib/wii\libwiiuse.a(ir.o)
                0x000000008000952c                wiiuse_set_aspect_ratio
 .text.wiiuse_set_ir_sensitivity
                0x00000000800095d8       0xd0 C:/devkitPro/libogc/lib/wii\libwiiuse.a(ir.o)
                0x00000000800095d8                wiiuse_set_ir_sensitivity
 .text.calculate_basic_ir
                0x00000000800096a8       0xf8 C:/devkitPro/libogc/lib/wii\libwiiuse.a(ir.o)
                0x00000000800096a8                calculate_basic_ir
 .text.calculate_extended_ir
                0x00000000800097a0       0x64 C:/devkitPro/libogc/lib/wii\libwiiuse.a(ir.o)
                0x00000000800097a0                calculate_extended_ir
 .text.find_sensorbar
                0x0000000080009804      0xa20 C:/devkitPro/libogc/lib/wii\libwiiuse.a(ir.o)
                0x0000000080009804                find_sensorbar
 .text.apply_ir_smoothing
                0x000000008000a224      0x124 C:/devkitPro/libogc/lib/wii\libwiiuse.a(ir.o)
                0x000000008000a224                apply_ir_smoothing
 .text.interpret_ir_data
                0x000000008000a348      0x3e0 C:/devkitPro/libogc/lib/wii\libwiiuse.a(ir.o)
                0x000000008000a348                interpret_ir_data
 .text.nunchuk_handshake
                0x000000008000a728      0x308 C:/devkitPro/libogc/lib/wii\libwiiuse.a(nunchuk.o)
                0x000000008000a728                nunchuk_handshake
 .text.nunchuk_disconnected
                0x000000008000aa30        0xc C:/devkitPro/libogc/lib/wii\libwiiuse.a(nunchuk.o)
                0x000000008000aa30                nunchuk_disconnected
 .text.nunchuk_event
                0x000000008000aa3c       0xe0 C:/devkitPro/libogc/lib/wii\libwiiuse.a(nunchuk.o)
                0x000000008000aa3c                nunchuk_event
 .text.wii_board_handshake
                0x000000008000ab1c      0x284 C:/devkitPro/libogc/lib/wii\libwiiuse.a(wiiboard.o)
                0x000000008000ab1c                wii_board_handshake
 .text.wii_board_disconnected
                0x000000008000ada0        0xc C:/devkitPro/libogc/lib/wii\libwiiuse.a(wiiboard.o)
                0x000000008000ada0                wii_board_disconnected
 .text.wii_board_event
                0x000000008000adac       0x24 C:/devkitPro/libogc/lib/wii\libwiiuse.a(wiiboard.o)
                0x000000008000adac                wii_board_event
 .text.wiiuse_send_next_command
                0x000000008000add0       0x58 C:/devkitPro/libogc/lib/wii\libwiiuse.a(wiiuse.o)
                0x000000008000add0                wiiuse_send_next_command
 .text.wiiuse_init
                0x000000008000ae28      0x210 C:/devkitPro/libogc/lib/wii\libwiiuse.a(wiiuse.o)
                0x000000008000ae28                wiiuse_init
 .text.wiiuse_set_flags
                0x000000008000b038       0x28 C:/devkitPro/libogc/lib/wii\libwiiuse.a(wiiuse.o)
                0x000000008000b038                wiiuse_set_flags
 .text.wiiuse_read_data
                0x000000008000b060      0x128 C:/devkitPro/libogc/lib/wii\libwiiuse.a(wiiuse.o)
                0x000000008000b060                wiiuse_read_data
 .text.wiiuse_write_data
                0x000000008000b188      0x164 C:/devkitPro/libogc/lib/wii\libwiiuse.a(wiiuse.o)
                0x000000008000b188                wiiuse_write_data
 .text.wiiuse_sendcmd
                0x000000008000b2ec      0x170 C:/devkitPro/libogc/lib/wii\libwiiuse.a(wiiuse.o)
                0x000000008000b2ec                wiiuse_sendcmd
 .text.wiiuse_set_leds
                0x000000008000b45c       0x50 C:/devkitPro/libogc/lib/wii\libwiiuse.a(wiiuse.o)
                0x000000008000b45c                wiiuse_set_leds
 .text.wiiuse_set_report_type
                0x000000008000b4ac       0xfc C:/devkitPro/libogc/lib/wii\libwiiuse.a(wiiuse.o)
                0x000000008000b4ac                wiiuse_set_report_type
 .text.wiiuse_status
                0x000000008000b5a8       0x4c C:/devkitPro/libogc/lib/wii\libwiiuse.a(wiiuse.o)
                0x000000008000b5a8                wiiuse_status
 .text.wiiuse_motion_sensing
                0x000000008000b5f4       0x84 C:/devkitPro/libogc/lib/wii\libwiiuse.a(wiiuse.o)
                0x000000008000b5f4                wiiuse_motion_sensing
 .text.wiiuse_rumble
                0x000000008000b678       0x8c C:/devkitPro/libogc/lib/wii\libwiiuse.a(wiiuse.o)
                0x000000008000b678                wiiuse_rumble
 .text.wiiuse_set_speaker
                0x000000008000b704      0x240 C:/devkitPro/libogc/lib/wii\libwiiuse.a(speaker.o)
                0x000000008000b704                wiiuse_set_speaker
 .text.classic_ctrl_handshake
                0x000000008000b944      0x3b8 C:/devkitPro/libogc/lib/wii\libwiiuse.a(classic.o)
                0x000000008000b944                classic_ctrl_handshake
 .text.classic_ctrl_disconnected
                0x000000008000bcfc        0xc C:/devkitPro/libogc/lib/wii\libwiiuse.a(classic.o)
                0x000000008000bcfc                classic_ctrl_disconnected
 .text.classic_ctrl_event
                0x000000008000bd08      0x168 C:/devkitPro/libogc/lib/wii\libwiiuse.a(classic.o)
                0x000000008000bd08                classic_ctrl_event
 .text.handle_expansion
                0x000000008000be70       0x54 C:/devkitPro/libogc/lib/wii\libwiiuse.a(events.o)
 .text.parse_event
                0x000000008000bec4      0x748 C:/devkitPro/libogc/lib/wii\libwiiuse.a(events.o)
                0x000000008000bec4                parse_event
 .text.guitar_hero_3_handshake
                0x000000008000c60c       0x5c C:/devkitPro/libogc/lib/wii\libwiiuse.a(guitar_hero_3.o)
                0x000000008000c60c                guitar_hero_3_handshake
 .text.guitar_hero_3_disconnected
                0x000000008000c668        0xc C:/devkitPro/libogc/lib/wii\libwiiuse.a(guitar_hero_3.o)
                0x000000008000c668                guitar_hero_3_disconnected
 .text.guitar_hero_3_event
                0x000000008000c674       0x6c C:/devkitPro/libogc/lib/wii\libwiiuse.a(guitar_hero_3.o)
                0x000000008000c674                guitar_hero_3_event
 .text.acl_wlp_completed
                0x000000008000c6e0        0x8 C:/devkitPro/libogc/lib/wii\libbte.a(bte.o)
                0x000000008000c6e0                acl_wlp_completed
 .text.bt_alarmhandler
                0x000000008000c6e8       0x60 C:/devkitPro/libogc/lib/wii\libbte.a(bte.o)
 .text.__bte_send_pending_request
                0x000000008000c748      0x108 C:/devkitPro/libogc/lib/wii\libbte.a(bte.o)
 .text.acl_conn_complete
                0x000000008000c850       0x2c C:/devkitPro/libogc/lib/wii\libbte.a(bte.o)
                0x000000008000c850                acl_conn_complete
 .text.l2cap_accepted
                0x000000008000c87c      0x128 C:/devkitPro/libogc/lib/wii\libbte.a(bte.o)
                0x000000008000c87c                l2cap_accepted
 .text.bte_process_input
                0x000000008000c9a4      0x148 C:/devkitPro/libogc/lib/wii\libbte.a(bte.o)
 .text.l2cap_disconnect_cfm
                0x000000008000caec      0x19c C:/devkitPro/libogc/lib/wii\libbte.a(bte.o)
                0x000000008000caec                l2cap_disconnect_cfm
 .text.l2cap_disconnected_ind
                0x000000008000cc88      0x1a4 C:/devkitPro/libogc/lib/wii\libbte.a(bte.o)
                0x000000008000cc88                l2cap_disconnected_ind
 .text.__bte_shutdown_finished
                0x000000008000ce2c       0xd0 C:/devkitPro/libogc/lib/wii\libbte.a(bte.o)
 .text.bte_hci_apply_patch_complete
                0x000000008000cefc      0x160 C:/devkitPro/libogc/lib/wii\libbte.a(bte.o)
                0x000000008000cefc                bte_hci_apply_patch_complete
 .text.bte_hci_patch_complete
                0x000000008000d05c      0x380 C:/devkitPro/libogc/lib/wii\libbte.a(bte.o)
                0x000000008000d05c                bte_hci_patch_complete
 .text.bte_hci_initcore_complete
                0x000000008000d3dc      0x294 C:/devkitPro/libogc/lib/wii\libbte.a(bte.o)
                0x000000008000d3dc                bte_hci_initcore_complete
 .text.bte_read_stored_link_key_complete
                0x000000008000d670      0x26c C:/devkitPro/libogc/lib/wii\libbte.a(bte.o)
                0x000000008000d670                bte_read_stored_link_key_complete
 .text.bte_hci_initcore_complete2
                0x000000008000d8dc      0x24c C:/devkitPro/libogc/lib/wii\libbte.a(bte.o)
 .text.bte_hci_initsub_complete
                0x000000008000db28      0x2c8 C:/devkitPro/libogc/lib/wii\libbte.a(bte.o)
                0x000000008000db28                bte_hci_initsub_complete
 .text.BTE_Init
                0x000000008000ddf0      0x138 C:/devkitPro/libogc/lib/wii\libbte.a(bte.o)
                0x000000008000ddf0                BTE_Init
 .text.BTE_Shutdown
                0x000000008000df28      0x100 C:/devkitPro/libogc/lib/wii\libbte.a(bte.o)
                0x000000008000df28                BTE_Shutdown
 .text.BTE_InitCore
                0x000000008000e028       0x8c C:/devkitPro/libogc/lib/wii\libbte.a(bte.o)
                0x000000008000e028                BTE_InitCore
 .text.BTE_ApplyPatch
                0x000000008000e0b4       0xa4 C:/devkitPro/libogc/lib/wii\libbte.a(bte.o)
                0x000000008000e0b4                BTE_ApplyPatch
 .text.BTE_InitSub
                0x000000008000e158       0x90 C:/devkitPro/libogc/lib/wii\libbte.a(bte.o)
                0x000000008000e158                BTE_InitSub
 .text.BTE_ReadStoredLinkKey
                0x000000008000e1e8       0x90 C:/devkitPro/libogc/lib/wii\libbte.a(bte.o)
                0x000000008000e1e8                BTE_ReadStoredLinkKey
 .text.BTE_SetDisconnectCallback
                0x000000008000e278        0x4 C:/devkitPro/libogc/lib/wii\libbte.a(bte.o)
                0x000000008000e278                BTE_SetDisconnectCallback
 .text.bte_new  0x000000008000e27c       0x54 C:/devkitPro/libogc/lib/wii\libbte.a(bte.o)
                0x000000008000e27c                bte_new
 .text.bte_registerdeviceasync
                0x000000008000e2d0      0x158 C:/devkitPro/libogc/lib/wii\libbte.a(bte.o)
                0x000000008000e2d0                bte_registerdeviceasync
 .text.bte_disconnect
                0x000000008000e428       0xd8 C:/devkitPro/libogc/lib/wii\libbte.a(bte.o)
                0x000000008000e428                bte_disconnect
 .text.bte_senddata
                0x000000008000e500      0x100 C:/devkitPro/libogc/lib/wii\libbte.a(bte.o)
                0x000000008000e500                bte_senddata
 .text.bte_arg  0x000000008000e600       0x38 C:/devkitPro/libogc/lib/wii\libbte.a(bte.o)
                0x000000008000e600                bte_arg
 .text.bte_received
                0x000000008000e638       0x38 C:/devkitPro/libogc/lib/wii\libbte.a(bte.o)
                0x000000008000e638                bte_received
 .text.bte_disconnected
                0x000000008000e670       0x38 C:/devkitPro/libogc/lib/wii\libbte.a(bte.o)
                0x000000008000e670                bte_disconnected
 .text.hci_get_link
                0x000000008000e6a8       0x84 C:/devkitPro/libogc/lib/wii\libbte.a(hci.o)
 .text.hci_init
                0x000000008000e72c       0x7c C:/devkitPro/libogc/lib/wii\libbte.a(hci.o)
                0x000000008000e72c                hci_init
 .text.hci_close
                0x000000008000e7a8       0xd0 C:/devkitPro/libogc/lib/wii\libbte.a(hci.o)
                0x000000008000e7a8                hci_close
 .text.hci_reset_all
                0x000000008000e878       0xb8 C:/devkitPro/libogc/lib/wii\libbte.a(hci.o)
                0x000000008000e878                hci_reset_all
 .text.hci_arg  0x000000008000e930        0xc C:/devkitPro/libogc/lib/wii\libbte.a(hci.o)
                0x000000008000e930                hci_arg
 .text.hci_cmd_complete
                0x000000008000e93c        0xc C:/devkitPro/libogc/lib/wii\libbte.a(hci.o)
                0x000000008000e93c                hci_cmd_complete
 .text.hci_connection_complete
                0x000000008000e948        0xc C:/devkitPro/libogc/lib/wii\libbte.a(hci.o)
                0x000000008000e948                hci_connection_complete
 .text.hci_wlp_complete
                0x000000008000e954        0xc C:/devkitPro/libogc/lib/wii\libbte.a(hci.o)
                0x000000008000e954                hci_wlp_complete
 .text.hci_reset
                0x000000008000e960       0xa8 C:/devkitPro/libogc/lib/wii\libbte.a(hci.o)
                0x000000008000e960                hci_reset
 .text.hci_read_buffer_size
                0x000000008000ea08       0xa8 C:/devkitPro/libogc/lib/wii\libbte.a(hci.o)
                0x000000008000ea08                hci_read_buffer_size
 .text.hci_read_bd_addr
                0x000000008000eab0       0xa8 C:/devkitPro/libogc/lib/wii\libbte.a(hci.o)
                0x000000008000eab0                hci_read_bd_addr
 .text.hci_read_local_version
                0x000000008000eb58       0xa4 C:/devkitPro/libogc/lib/wii\libbte.a(hci.o)
                0x000000008000eb58                hci_read_local_version
 .text.hci_read_local_features
                0x000000008000ebfc       0xa8 C:/devkitPro/libogc/lib/wii\libbte.a(hci.o)
                0x000000008000ebfc                hci_read_local_features
 .text.hci_read_stored_link_key
                0x000000008000eca4       0xfc C:/devkitPro/libogc/lib/wii\libbte.a(hci.o)
                0x000000008000eca4                hci_read_stored_link_key
 .text.hci_write_page_timeout
                0x000000008000eda0       0xcc C:/devkitPro/libogc/lib/wii\libbte.a(hci.o)
                0x000000008000eda0                hci_write_page_timeout
 .text.hci_write_scan_enable
                0x000000008000ee6c       0xb8 C:/devkitPro/libogc/lib/wii\libbte.a(hci.o)
                0x000000008000ee6c                hci_write_scan_enable
 .text.hci_accecpt_conn_request
                0x000000008000ef24       0xdc C:/devkitPro/libogc/lib/wii\libbte.a(hci.o)
                0x000000008000ef24                hci_accecpt_conn_request
 .text.hci_write_local_name
                0x000000008000f000       0xd4 C:/devkitPro/libogc/lib/wii\libbte.a(hci.o)
                0x000000008000f000                hci_write_local_name
 .text.hci_write_pin_type
                0x000000008000f0d4       0xb8 C:/devkitPro/libogc/lib/wii\libbte.a(hci.o)
                0x000000008000f0d4                hci_write_pin_type
 .text.hci_write_inquiry_mode
                0x000000008000f18c       0xb8 C:/devkitPro/libogc/lib/wii\libbte.a(hci.o)
                0x000000008000f18c                hci_write_inquiry_mode
 .text.hci_write_page_scan_type
                0x000000008000f244       0xb8 C:/devkitPro/libogc/lib/wii\libbte.a(hci.o)
                0x000000008000f244                hci_write_page_scan_type
 .text.hci_write_inquiry_scan_type
                0x000000008000f2fc       0xb8 C:/devkitPro/libogc/lib/wii\libbte.a(hci.o)
                0x000000008000f2fc                hci_write_inquiry_scan_type
 .text.hci_vendor_specific_command
                0x000000008000f3b4       0xe4 C:/devkitPro/libogc/lib/wii\libbte.a(hci.o)
                0x000000008000f3b4                hci_vendor_specific_command
 .text.hci_write_link_policy_settings
                0x000000008000f498      0x100 C:/devkitPro/libogc/lib/wii\libbte.a(hci.o)
                0x000000008000f498                hci_write_link_policy_settings
 .text.hci_pin_code_request_neg_reply
                0x000000008000f598       0xc8 C:/devkitPro/libogc/lib/wii\libbte.a(hci.o)
                0x000000008000f598                hci_pin_code_request_neg_reply
 .text.hci_link_key_req_neg_reply
                0x000000008000f660       0xc8 C:/devkitPro/libogc/lib/wii\libbte.a(hci.o)
                0x000000008000f660                hci_link_key_req_neg_reply
 .text.hci_disconnect
                0x000000008000f728       0xf8 C:/devkitPro/libogc/lib/wii\libbte.a(hci.o)
                0x000000008000f728                hci_disconnect
 .text.hci_write_cod
                0x000000008000f820       0xc8 C:/devkitPro/libogc/lib/wii\libbte.a(hci.o)
                0x000000008000f820                hci_write_cod
 .text.hci_host_buffer_size
                0x000000008000f8e8      0x108 C:/devkitPro/libogc/lib/wii\libbte.a(hci.o)
                0x000000008000f8e8                hci_host_buffer_size
 .text.hci_host_num_comp_packets
                0x000000008000f9f0      0x104 C:/devkitPro/libogc/lib/wii\libbte.a(hci.o)
                0x000000008000f9f0                hci_host_num_comp_packets
 .text.lp_pdu_maxsize
                0x000000008000faf4        0xc C:/devkitPro/libogc/lib/wii\libbte.a(hci.o)
                0x000000008000faf4                lp_pdu_maxsize
 .text.lp_acl_write
                0x000000008000fb00      0x154 C:/devkitPro/libogc/lib/wii\libbte.a(hci.o)
                0x000000008000fb00                lp_acl_write
 .text.lp_write_flush_timeout
                0x000000008000fc54      0x100 C:/devkitPro/libogc/lib/wii\libbte.a(hci.o)
                0x000000008000fc54                lp_write_flush_timeout
 .text.hci_event_handler
                0x000000008000fd54      0xc70 C:/devkitPro/libogc/lib/wii\libbte.a(hci.o)
                0x000000008000fd54                hci_event_handler
 .text.hci_acldata_handler
                0x00000000800109c4      0x118 C:/devkitPro/libogc/lib/wii\libbte.a(hci.o)
                0x00000000800109c4                hci_acldata_handler
 .text.l2cap_init
                0x0000000080010adc       0x60 C:/devkitPro/libogc/lib/wii\libbte.a(l2cap.o)
                0x0000000080010adc                l2cap_init
 .text.l2cap_write
                0x0000000080010b3c      0x1a8 C:/devkitPro/libogc/lib/wii\libbte.a(l2cap.o)
                0x0000000080010b3c                l2cap_write
 .text.l2cap_new
                0x0000000080010ce4       0x60 C:/devkitPro/libogc/lib/wii\libbte.a(l2cap.o)
                0x0000000080010ce4                l2cap_new
 .text.l2cap_close
                0x0000000080010d44      0x1d4 C:/devkitPro/libogc/lib/wii\libbte.a(l2cap.o)
                0x0000000080010d44                l2cap_close
 .text.l2cap_reset_all
                0x0000000080010f18      0x154 C:/devkitPro/libogc/lib/wii\libbte.a(l2cap.o)
                0x0000000080010f18                l2cap_reset_all
 .text.l2cap_signal
                0x000000008001106c      0x214 C:/devkitPro/libogc/lib/wii\libbte.a(l2cap.o)
                0x000000008001106c                l2cap_signal
 .text.l2ca_config_req
                0x0000000080011280      0x168 C:/devkitPro/libogc/lib/wii\libbte.a(l2cap.o)
                0x0000000080011280                l2ca_config_req
 .text.l2ca_disconnect_req
                0x00000000800113e8       0xc4 C:/devkitPro/libogc/lib/wii\libbte.a(l2cap.o)
                0x00000000800113e8                l2ca_disconnect_req
 .text.l2cap_tmr
                0x00000000800114ac      0x280 C:/devkitPro/libogc/lib/wii\libbte.a(l2cap.o)
                0x00000000800114ac                l2cap_tmr
 .text.l2cap_process_sig
                0x000000008001172c     0x127c C:/devkitPro/libogc/lib/wii\libbte.a(l2cap.o)
                0x000000008001172c                l2cap_process_sig
 .text.l2cap_input
                0x00000000800129a8      0x578 C:/devkitPro/libogc/lib/wii\libbte.a(l2cap.o)
                0x00000000800129a8                l2cap_input
 .text.l2ca_datawrite
                0x0000000080012f20      0x118 C:/devkitPro/libogc/lib/wii\libbte.a(l2cap.o)
                0x0000000080012f20                l2ca_datawrite
 .text.lp_connect_cfm
                0x0000000080013038      0x184 C:/devkitPro/libogc/lib/wii\libbte.a(l2cap.o)
                0x0000000080013038                lp_connect_cfm
 .text.lp_connect_ind
                0x00000000800131bc        0x4 C:/devkitPro/libogc/lib/wii\libbte.a(l2cap.o)
                0x00000000800131bc                lp_connect_ind
 .text.lp_disconnect_ind
                0x00000000800131c0      0x12c C:/devkitPro/libogc/lib/wii\libbte.a(l2cap.o)
                0x00000000800131c0                lp_disconnect_ind
 .text.l2cap_disconnect_bb
                0x00000000800132ec       0x10 C:/devkitPro/libogc/lib/wii\libbte.a(l2cap.o)
                0x00000000800132ec                l2cap_disconnect_bb
 .text.l2cap_arg
                0x00000000800132fc        0x8 C:/devkitPro/libogc/lib/wii\libbte.a(l2cap.o)
                0x00000000800132fc                l2cap_arg
 .text.l2cap_connect_ind
                0x0000000080013304      0x100 C:/devkitPro/libogc/lib/wii\libbte.a(l2cap.o)
                0x0000000080013304                l2cap_connect_ind
 .text.l2cap_disconnect_ind
                0x0000000080013404        0x8 C:/devkitPro/libogc/lib/wii\libbte.a(l2cap.o)
                0x0000000080013404                l2cap_disconnect_ind
 .text.l2cap_recv
                0x000000008001340c        0x8 C:/devkitPro/libogc/lib/wii\libbte.a(l2cap.o)
                0x000000008001340c                l2cap_recv
 .text.btmemb_init
                0x0000000080013414       0x24 C:/devkitPro/libogc/lib/wii\libbte.a(btmemb.o)
                0x0000000080013414                btmemb_init
 .text.btmemb_alloc
                0x0000000080013438       0x98 C:/devkitPro/libogc/lib/wii\libbte.a(btmemb.o)
                0x0000000080013438                btmemb_alloc
 .text.btmemb_free
                0x00000000800134d0      0x110 C:/devkitPro/libogc/lib/wii\libbte.a(btmemb.o)
                0x00000000800134d0                btmemb_free
 .text.plug_holes
                0x00000000800135e0       0xb8 C:/devkitPro/libogc/lib/wii\libbte.a(btmemr.o)
 .text.btmemr_init
                0x0000000080013698       0xa4 C:/devkitPro/libogc/lib/wii\libbte.a(btmemr.o)
                0x0000000080013698                btmemr_init
 .text.btmemr_malloc
                0x000000008001373c      0x18c C:/devkitPro/libogc/lib/wii\libbte.a(btmemr.o)
                0x000000008001373c                btmemr_malloc
 .text.btmemr_free
                0x00000000800138c8       0x98 C:/devkitPro/libogc/lib/wii\libbte.a(btmemr.o)
                0x00000000800138c8                btmemr_free
 .text.btmemr_realloc
                0x0000000080013960      0x10c C:/devkitPro/libogc/lib/wii\libbte.a(btmemr.o)
                0x0000000080013960                btmemr_realloc
 .text.btpbuf_init
                0x0000000080013a6c       0x28 C:/devkitPro/libogc/lib/wii\libbte.a(btpbuf.o)
                0x0000000080013a6c                btpbuf_init
 .text.btpbuf_free
                0x0000000080013a94      0x124 C:/devkitPro/libogc/lib/wii\libbte.a(btpbuf.o)
                0x0000000080013a94                btpbuf_free
 .text.btpbuf_alloc
                0x0000000080013bb8      0x238 C:/devkitPro/libogc/lib/wii\libbte.a(btpbuf.o)
                0x0000000080013bb8                btpbuf_alloc
 .text.btpbuf_realloc
                0x0000000080013df0       0xec C:/devkitPro/libogc/lib/wii\libbte.a(btpbuf.o)
                0x0000000080013df0                btpbuf_realloc
 .text.btpbuf_header
                0x0000000080013edc       0x8c C:/devkitPro/libogc/lib/wii\libbte.a(btpbuf.o)
                0x0000000080013edc                btpbuf_header
 .text.btpbuf_ref
                0x0000000080013f68       0x48 C:/devkitPro/libogc/lib/wii\libbte.a(btpbuf.o)
                0x0000000080013f68                btpbuf_ref
 .text.btpbuf_chain
                0x0000000080013fb0       0x9c C:/devkitPro/libogc/lib/wii\libbte.a(btpbuf.o)
                0x0000000080013fb0                btpbuf_chain
 .text.btpbuf_dechain
                0x000000008001404c       0x7c C:/devkitPro/libogc/lib/wii\libbte.a(btpbuf.o)
                0x000000008001404c                btpbuf_dechain
 .text.btpbuf_take
                0x00000000800140c8      0x13c C:/devkitPro/libogc/lib/wii\libbte.a(btpbuf.o)
                0x00000000800140c8                btpbuf_take
 .text.__usb_closeCB
                0x0000000080014204       0x10 C:/devkitPro/libogc/lib/wii\libbte.a(physbusif.o)
 .text.__writebulkmsgCB
                0x0000000080014214       0x3c C:/devkitPro/libogc/lib/wii\libbte.a(physbusif.o)
 .text.__writectrlmsgCB
                0x0000000080014250       0x3c C:/devkitPro/libogc/lib/wii\libbte.a(physbusif.o)
 .text.__issue_intrread.part.0
                0x000000008001428c       0x80 C:/devkitPro/libogc/lib/wii\libbte.a(physbusif.o)
 .text.__readintrdataCB
                0x000000008001430c      0x150 C:/devkitPro/libogc/lib/wii\libbte.a(physbusif.o)
 .text.__issue_bulkread.part.0
                0x000000008001445c       0x80 C:/devkitPro/libogc/lib/wii\libbte.a(physbusif.o)
 .text.__readbulkdataCB
                0x00000000800144dc      0x150 C:/devkitPro/libogc/lib/wii\libbte.a(physbusif.o)
 .text.physbusif_init
                0x000000008001462c      0x1dc C:/devkitPro/libogc/lib/wii\libbte.a(physbusif.o)
                0x000000008001462c                physbusif_init
 .text.physbusif_close
                0x0000000080014808       0x20 C:/devkitPro/libogc/lib/wii\libbte.a(physbusif.o)
                0x0000000080014808                physbusif_close
 .text.physbusif_shutdown
                0x0000000080014828       0x24 C:/devkitPro/libogc/lib/wii\libbte.a(physbusif.o)
                0x0000000080014828                physbusif_shutdown
 .text.physbusif_reset_all
                0x000000008001484c        0x4 C:/devkitPro/libogc/lib/wii\libbte.a(physbusif.o)
                0x000000008001484c                physbusif_reset_all
 .text.physbusif_output
                0x0000000080014850      0x1e0 C:/devkitPro/libogc/lib/wii\libbte.a(physbusif.o)
                0x0000000080014850                physbusif_output
 .text.__console_clear_line
                0x0000000080014a30       0x98 C:/devkitPro/libogc/lib/wii\libogc.a(console.o)
 .text.__console_clear
                0x0000000080014ac8       0xbc C:/devkitPro/libogc/lib/wii\libogc.a(console.o)
 .text.__console_write
                0x0000000080014b84      0x7e0 C:/devkitPro/libogc/lib/wii\libogc.a(console.o)
                0x0000000080014b84                __console_write
 .text.__console_init
                0x0000000080015364      0x108 C:/devkitPro/libogc/lib/wii\libogc.a(console.o)
                0x0000000080015364                __console_init
 .text.CON_Init
                0x000000008001546c        0x4 C:/devkitPro/libogc/lib/wii\libogc.a(console.o)
                0x000000008001546c                CON_Init
 .text.CON_EnableGecko
                0x0000000080015470      0x100 C:/devkitPro/libogc/lib/wii\libogc.a(console.o)
                0x0000000080015470                CON_EnableGecko
 .text.__lwp_queue_initialize
                0x0000000080015570       0x98 C:/devkitPro/libogc/lib/wii\libogc.a(lwp_queue.o)
                0x0000000080015570                __lwp_queue_initialize
 .text.__lwp_queue_get
                0x0000000080015608       0x74 C:/devkitPro/libogc/lib/wii\libogc.a(lwp_queue.o)
                0x0000000080015608                __lwp_queue_get
 .text.__lwp_queue_append
                0x000000008001567c       0x4c C:/devkitPro/libogc/lib/wii\libogc.a(lwp_queue.o)
                0x000000008001567c                __lwp_queue_append
 .text.__lwp_isr_in_progress
                0x00000000800156c8        0x8 C:/devkitPro/libogc/lib/wii\libogc.a(lwp_threads.o)
                0x00000000800156c8                __lwp_isr_in_progress
 .text.__thread_dispatch_fp
                0x00000000800156d0       0x88 C:/devkitPro/libogc/lib/wii\libogc.a(lwp_threads.o)
                0x00000000800156d0                __thread_dispatch_fp
 .text.__thread_dispatch
                0x0000000080015758      0x110 C:/devkitPro/libogc/lib/wii\libogc.a(lwp_threads.o)
                0x0000000080015758                __thread_dispatch
 .text.__lwp_thread_resettimeslice
                0x0000000080015868       0xb4 C:/devkitPro/libogc/lib/wii\libogc.a(lwp_threads.o)
                0x0000000080015868                __lwp_thread_resettimeslice
 .text.__lwp_thread_tickle_timeslice
                0x000000008001591c       0xc8 C:/devkitPro/libogc/lib/wii\libogc.a(lwp_threads.o)
                0x000000008001591c                __lwp_thread_tickle_timeslice
 .text.__lwp_thread_setstate
                0x00000000800159e4      0x16c C:/devkitPro/libogc/lib/wii\libogc.a(lwp_threads.o)
                0x00000000800159e4                __lwp_thread_setstate
 .text.__lwp_thread_clearstate
                0x0000000080015b50       0xe4 C:/devkitPro/libogc/lib/wii\libogc.a(lwp_threads.o)
                0x0000000080015b50                __lwp_thread_clearstate
 .text.__lwp_thread_delayended
                0x0000000080015c34       0x48 C:/devkitPro/libogc/lib/wii\libogc.a(lwp_threads.o)
                0x0000000080015c34                __lwp_thread_delayended
 .text.__lwp_thread_settransient
                0x0000000080015c7c       0xb4 C:/devkitPro/libogc/lib/wii\libogc.a(lwp_threads.o)
                0x0000000080015c7c                __lwp_thread_settransient
 .text.__lwp_thread_changepriority
                0x0000000080015d30      0x1f8 C:/devkitPro/libogc/lib/wii\libogc.a(lwp_threads.o)
                0x0000000080015d30                __lwp_thread_changepriority
 .text.__lwp_thread_ready
                0x0000000080015f28       0xf0 C:/devkitPro/libogc/lib/wii\libogc.a(lwp_threads.o)
                0x0000000080015f28                __lwp_thread_ready
 .text.__lwp_thread_init
                0x0000000080016018      0x168 C:/devkitPro/libogc/lib/wii\libogc.a(lwp_threads.o)
                0x0000000080016018                __lwp_thread_init
 .text.__lwp_thread_close
                0x0000000080016180      0x138 C:/devkitPro/libogc/lib/wii\libogc.a(lwp_threads.o)
                0x0000000080016180                __lwp_thread_close
 .text.__lwp_thread_handler
                0x00000000800162b8       0xd8 C:/devkitPro/libogc/lib/wii\libogc.a(lwp_threads.o)
 .text.__lwp_thread_closeall
                0x0000000080016390       0xb4 C:/devkitPro/libogc/lib/wii\libogc.a(lwp_threads.o)
                0x0000000080016390                __lwp_thread_closeall
 .text.__lwp_thread_start
                0x0000000080016444       0xe8 C:/devkitPro/libogc/lib/wii\libogc.a(lwp_threads.o)
                0x0000000080016444                __lwp_thread_start
 .text.__lwp_thread_startmultitasking
                0x000000008001652c       0xac C:/devkitPro/libogc/lib/wii\libogc.a(lwp_threads.o)
                0x000000008001652c                __lwp_thread_startmultitasking
 .text.__lwp_thread_stopmultitasking
                0x00000000800165d8       0x58 C:/devkitPro/libogc/lib/wii\libogc.a(lwp_threads.o)
                0x00000000800165d8                __lwp_thread_stopmultitasking
 .text.__lwp_thread_coreinit
                0x0000000080016630       0xc8 C:/devkitPro/libogc/lib/wii\libogc.a(lwp_threads.o)
                0x0000000080016630                __lwp_thread_coreinit
 .text.idle_func
                0x00000000800166f8        0x4 C:/devkitPro/libogc/lib/wii\libogc.a(lwp.o)
 .text.__lwp_sysinit
                0x00000000800166fc      0x114 C:/devkitPro/libogc/lib/wii\libogc.a(lwp.o)
                0x00000000800166fc                __lwp_sysinit
 .text.LWP_InitQueue
                0x0000000080016810      0x148 C:/devkitPro/libogc/lib/wii\libogc.a(lwp.o)
                0x0000000080016810                LWP_InitQueue
 .text.LWP_CloseQueue
                0x0000000080016958       0xd4 C:/devkitPro/libogc/lib/wii\libogc.a(lwp.o)
                0x0000000080016958                LWP_CloseQueue
 .text.LWP_ThreadSleep
                0x0000000080016a2c      0x110 C:/devkitPro/libogc/lib/wii\libogc.a(lwp.o)
                0x0000000080016a2c                LWP_ThreadSleep
 .text.LWP_ThreadBroadcast
                0x0000000080016b3c       0x88 C:/devkitPro/libogc/lib/wii\libogc.a(lwp.o)
                0x0000000080016b3c                LWP_ThreadBroadcast
 .text.LWP_ThreadSignal
                0x0000000080016bc4       0x74 C:/devkitPro/libogc/lib/wii\libogc.a(lwp.o)
                0x0000000080016bc4                LWP_ThreadSignal
 .text.__lwp_stack_allocate
                0x0000000080016c38       0x60 C:/devkitPro/libogc/lib/wii\libogc.a(lwp_stack.o)
                0x0000000080016c38                __lwp_stack_allocate
 .text.__lwp_stack_free
                0x0000000080016c98       0x1c C:/devkitPro/libogc/lib/wii\libogc.a(lwp_stack.o)
                0x0000000080016c98                __lwp_stack_free
 .text.__lwp_wd_settimer
                0x0000000080016cb4       0xe0 C:/devkitPro/libogc/lib/wii\libogc.a(lwp_watchdog.o)
 .text.__lwp_watchdog_init
                0x0000000080016d94       0x2c C:/devkitPro/libogc/lib/wii\libogc.a(lwp_watchdog.o)
                0x0000000080016d94                __lwp_watchdog_init
 .text.__lwp_wd_insert
                0x0000000080016dc0      0x194 C:/devkitPro/libogc/lib/wii\libogc.a(lwp_watchdog.o)
                0x0000000080016dc0                __lwp_wd_insert
 .text.__lwp_wd_remove
                0x0000000080016f54      0x138 C:/devkitPro/libogc/lib/wii\libogc.a(lwp_watchdog.o)
                0x0000000080016f54                __lwp_wd_remove
 .text.__lwp_wd_tickle
                0x000000008001708c      0x120 C:/devkitPro/libogc/lib/wii\libogc.a(lwp_watchdog.o)
                0x000000008001708c                __lwp_wd_tickle
 .text.__lwp_wkspace_init
                0x00000000800171ac       0xc0 C:/devkitPro/libogc/lib/wii\libogc.a(lwp_wkspace.o)
                0x00000000800171ac                __lwp_wkspace_init
 .text.__lwp_objmgr_initinfo
                0x000000008001726c      0x1a0 C:/devkitPro/libogc/lib/wii\libogc.a(lwp_objmgr.o)
                0x000000008001726c                __lwp_objmgr_initinfo
 .text.__lwp_objmgr_getisrdisable
                0x000000008001740c       0x60 C:/devkitPro/libogc/lib/wii\libogc.a(lwp_objmgr.o)
                0x000000008001740c                __lwp_objmgr_getisrdisable
 .text.__lwp_objmgr_getnoprotection
                0x000000008001746c       0x24 C:/devkitPro/libogc/lib/wii\libogc.a(lwp_objmgr.o)
                0x000000008001746c                __lwp_objmgr_getnoprotection
 .text.__lwp_objmgr_get
                0x0000000080017490       0x70 C:/devkitPro/libogc/lib/wii\libogc.a(lwp_objmgr.o)
                0x0000000080017490                __lwp_objmgr_get
 .text.__lwp_objmgr_allocate
                0x0000000080017500       0x88 C:/devkitPro/libogc/lib/wii\libogc.a(lwp_objmgr.o)
                0x0000000080017500                __lwp_objmgr_allocate
 .text.__lwp_objmgr_free
                0x0000000080017588       0x60 C:/devkitPro/libogc/lib/wii\libogc.a(lwp_objmgr.o)
                0x0000000080017588                __lwp_objmgr_free
 .text.__lwp_heap_init
                0x00000000800175e8       0xa4 C:/devkitPro/libogc/lib/wii\libogc.a(lwp_heap.o)
                0x00000000800175e8                __lwp_heap_init
 .text.__lwp_heap_allocate
                0x000000008001768c      0x16c C:/devkitPro/libogc/lib/wii\libogc.a(lwp_heap.o)
                0x000000008001768c                __lwp_heap_allocate
 .text.__lwp_heap_free
                0x00000000800177f8      0x188 C:/devkitPro/libogc/lib/wii\libogc.a(lwp_heap.o)
                0x00000000800177f8                __lwp_heap_free
 .text.__SetInterrupts
                0x0000000080017980      0x27c C:/devkitPro/libogc/lib/wii\libogc.a(irq.o)
 .text.c_irqdispatcher
                0x0000000080017bfc      0x28c C:/devkitPro/libogc/lib/wii\libogc.a(irq.o)
                0x0000000080017bfc                c_irqdispatcher
 .text.__UnmaskIrq
                0x0000000080017e88       0x84 C:/devkitPro/libogc/lib/wii\libogc.a(irq.o)
                0x0000000080017e88                __UnmaskIrq
 .text.__MaskIrq
                0x0000000080017f0c       0x84 C:/devkitPro/libogc/lib/wii\libogc.a(irq.o)
                0x0000000080017f0c                __MaskIrq
 .text.__irq_init
                0x0000000080017f90       0x9c C:/devkitPro/libogc/lib/wii\libogc.a(irq.o)
                0x0000000080017f90                __irq_init
 .text.IRQ_Request
                0x000000008001802c       0x50 C:/devkitPro/libogc/lib/wii\libogc.a(irq.o)
                0x000000008001802c                IRQ_Request
 .text.IRQ_GetHandler
                0x000000008001807c       0x44 C:/devkitPro/libogc/lib/wii\libogc.a(irq.o)
                0x000000008001807c                IRQ_GetHandler
 .text.IRQ_Disable
                0x00000000800180c0       0x1c C:/devkitPro/libogc/lib/wii\libogc.a(irq.o)
                0x00000000800180c0                IRQ_Disable
 .text.IRQ_Restore
                0x00000000800180dc       0x1c C:/devkitPro/libogc/lib/wii\libogc.a(irq.o)
                0x00000000800180dc                IRQ_Restore
 .text.__VISendI2CData.constprop.0.isra.0
                0x00000000800180f8      0x450 C:/devkitPro/libogc/lib/wii\libogc.a(video.o)
 .text.__setFbbRegs.constprop.0
                0x0000000080018548      0x188 C:/devkitPro/libogc/lib/wii\libogc.a(video.o)
 .text.__VISetYUVSEL
                0x00000000800186d0       0xc0 C:/devkitPro/libogc/lib/wii\libogc.a(video.o)
 .text.VIDEO_Configure
                0x0000000080018790      0x5e0 C:/devkitPro/libogc/lib/wii\libogc.a(video.o)
                0x0000000080018790                VIDEO_Configure
 .text.VIDEO_WaitVSync
                0x0000000080018d70       0x74 C:/devkitPro/libogc/lib/wii\libogc.a(video.o)
                0x0000000080018d70                VIDEO_WaitVSync
 .text.VIDEO_SetFramebuffer
                0x0000000080018de4      0x108 C:/devkitPro/libogc/lib/wii\libogc.a(video.o)
                0x0000000080018de4                VIDEO_SetFramebuffer
 .text.VIDEO_SetNextFramebuffer
                0x0000000080018eec       0x70 C:/devkitPro/libogc/lib/wii\libogc.a(video.o)
                0x0000000080018eec                VIDEO_SetNextFramebuffer
 .text.VIDEO_Flush
                0x0000000080018f5c       0xf4 C:/devkitPro/libogc/lib/wii\libogc.a(video.o)
                0x0000000080018f5c                VIDEO_Flush
 .text.VIDEO_SetBlack
                0x0000000080019050      0x144 C:/devkitPro/libogc/lib/wii\libogc.a(video.o)
                0x0000000080019050                VIDEO_SetBlack
 .text.VIDEO_GetCurrentTvMode
                0x0000000080019194       0x7c C:/devkitPro/libogc/lib/wii\libogc.a(video.o)
                0x0000000080019194                VIDEO_GetCurrentTvMode
 .text.__VIRetraceHandler
                0x0000000080019210      0x294 C:/devkitPro/libogc/lib/wii\libogc.a(video.o)
 .text.__VISetupEncoder
                0x00000000800194a4      0x2cc C:/devkitPro/libogc/lib/wii\libogc.a(video.o)
 .text.VIDEO_Init
                0x0000000080019770      0x4cc C:/devkitPro/libogc/lib/wii\libogc.a(video.o)
                0x0000000080019770                VIDEO_Init
 .text.VIDEO_GetPreferredMode
                0x0000000080019c3c      0x100 C:/devkitPro/libogc/lib/wii\libogc.a(video.o)
                0x0000000080019c3c                VIDEO_GetPreferredMode
 .text.VIDEO_GetCurrentLine
                0x0000000080019d3c       0x9c C:/devkitPro/libogc/lib/wii\libogc.a(video.o)
                0x0000000080019d3c                VIDEO_GetCurrentLine
 .text.VIDEO_GetFrameBufferSize
                0x0000000080019dd8       0x30 C:/devkitPro/libogc/lib/wii\libogc.a(video.o)
                0x0000000080019dd8                VIDEO_GetFrameBufferSize
 .text.__call_resetfuncs
                0x0000000080019e08       0xbc C:/devkitPro/libogc/lib/wii\libogc.a(system.o)
 .text.__MEMInterruptHandler
                0x0000000080019ec4       0x14 C:/devkitPro/libogc/lib/wii\libogc.a(system.o)
 .text.__RSWDefaultHandler
                0x0000000080019ed8        0x4 C:/devkitPro/libogc/lib/wii\libogc.a(system.o)
 .text.__POWDefaultHandler
                0x0000000080019edc        0x4 C:/devkitPro/libogc/lib/wii\libogc.a(system.o)
 .text.__STMEventHandler
                0x0000000080019ee0      0x104 C:/devkitPro/libogc/lib/wii\libogc.a(system.o)
 .text.__sys_alarmhandler
                0x0000000080019fe4       0xfc C:/devkitPro/libogc/lib/wii\libogc.a(system.o)
 .text.__getrtc
                0x000000008001a0e0      0x150 C:/devkitPro/libogc/lib/wii\libogc.a(system.o)
 .text.__sram_write
                0x000000008001a230      0x148 C:/devkitPro/libogc/lib/wii\libogc.a(system.o)
 .text.__sram_writecallback
                0x000000008001a378       0x54 C:/devkitPro/libogc/lib/wii\libogc.a(system.o)
 .text.__mem_onreset
                0x000000008001a3cc       0x48 C:/devkitPro/libogc/lib/wii\libogc.a(system.o)
 .text.__unlocksram
                0x000000008001a414      0x180 C:/devkitPro/libogc/lib/wii\libogc.a(system.o)
 .text.__syscall_sbrk_r
                0x000000008001a594        0x4 C:/devkitPro/libogc/lib/wii\libogc.a(system.o)
                0x000000008001a594                __syscall_sbrk_r
 .text.__syscall_lock_init
                0x000000008001a598        0x4 C:/devkitPro/libogc/lib/wii\libogc.a(system.o)
                0x000000008001a598                __syscall_lock_init
 .text.__syscall_lock_close
                0x000000008001a59c        0x4 C:/devkitPro/libogc/lib/wii\libogc.a(system.o)
                0x000000008001a59c                __syscall_lock_close
 .text.__syscall_lock_release
                0x000000008001a5a0        0x4 C:/devkitPro/libogc/lib/wii\libogc.a(system.o)
                0x000000008001a5a0                __syscall_lock_release
 .text.__syscall_lock_acquire
                0x000000008001a5a4        0x4 C:/devkitPro/libogc/lib/wii\libogc.a(system.o)
                0x000000008001a5a4                __syscall_lock_acquire
 .text.__syscall_malloc_lock
                0x000000008001a5a8        0x4 C:/devkitPro/libogc/lib/wii\libogc.a(system.o)
                0x000000008001a5a8                __syscall_malloc_lock
 .text.__syscall_malloc_unlock
                0x000000008001a5ac        0x4 C:/devkitPro/libogc/lib/wii\libogc.a(system.o)
                0x000000008001a5ac                __syscall_malloc_unlock
 .text.__syscall_nanosleep
                0x000000008001a5b0        0x4 C:/devkitPro/libogc/lib/wii\libogc.a(system.o)
                0x000000008001a5b0                __syscall_nanosleep
 .text.__SYS_GetRTC
                0x000000008001a5b4       0xd4 C:/devkitPro/libogc/lib/wii\libogc.a(system.o)
                0x000000008001a5b4                __SYS_GetRTC
 .text.__SYS_GetIPCBufferLo
                0x000000008001a688        0x8 C:/devkitPro/libogc/lib/wii\libogc.a(system.o)
                0x000000008001a688                __SYS_GetIPCBufferLo
 .text.__SYS_GetIPCBufferHi
                0x000000008001a690        0x8 C:/devkitPro/libogc/lib/wii\libogc.a(system.o)
                0x000000008001a690                __SYS_GetIPCBufferHi
 .text.__SYS_DoPowerCB
                0x000000008001a698       0x74 C:/devkitPro/libogc/lib/wii\libogc.a(system.o)
                0x000000008001a698                __SYS_DoPowerCB
 .text.__SYS_PreInit
                0x000000008001a70c        0x4 C:/devkitPro/libogc/lib/wii\libogc.a(system.o)
                0x000000008001a70c                __SYS_PreInit
 .text.SYS_PreMain
                0x000000008001a710       0xc8 C:/devkitPro/libogc/lib/wii\libogc.a(system.o)
                0x000000008001a710                SYS_PreMain
 .text.SYS_ResetButtonDown
                0x000000008001a7d8       0x18 C:/devkitPro/libogc/lib/wii\libogc.a(system.o)
                0x000000008001a7d8                SYS_ResetButtonDown
 .text.SYS_ResetSystem
                0x000000008001a7f0      0x210 C:/devkitPro/libogc/lib/wii\libogc.a(system.o)
                0x000000008001a7f0                SYS_ResetSystem
 .text.__reload
                0x000000008001aa00       0x80 C:/devkitPro/libogc/lib/wii\libogc.a(system.o)
                0x000000008001aa00                __reload
 .text.__syscall_exit
                0x000000008001aa80       0x88 C:/devkitPro/libogc/lib/wii\libogc.a(system.o)
                0x000000008001aa80                __syscall_exit
 .text.SYS_RegisterResetFunc
                0x000000008001ab08       0x78 C:/devkitPro/libogc/lib/wii\libogc.a(system.o)
                0x000000008001ab08                SYS_RegisterResetFunc
 .text.SYS_SetArena1Lo
                0x000000008001ab80       0x38 C:/devkitPro/libogc/lib/wii\libogc.a(system.o)
                0x000000008001ab80                SYS_SetArena1Lo
 .text.SYS_GetArena1Lo
                0x000000008001abb8       0x38 C:/devkitPro/libogc/lib/wii\libogc.a(system.o)
                0x000000008001abb8                SYS_GetArena1Lo
 .text.SYS_GetArena1Hi
                0x000000008001abf0       0x38 C:/devkitPro/libogc/lib/wii\libogc.a(system.o)
                0x000000008001abf0                SYS_GetArena1Hi
 .text.SYS_SetArena2Lo
                0x000000008001ac28       0x38 C:/devkitPro/libogc/lib/wii\libogc.a(system.o)
                0x000000008001ac28                SYS_SetArena2Lo
 .text.SYS_GetArena2Lo
                0x000000008001ac60       0x38 C:/devkitPro/libogc/lib/wii\libogc.a(system.o)
                0x000000008001ac60                SYS_GetArena2Lo
 .text.SYS_SetArena2Hi
                0x000000008001ac98       0x38 C:/devkitPro/libogc/lib/wii\libogc.a(system.o)
                0x000000008001ac98                SYS_SetArena2Hi
 .text.SYS_GetArena2Hi
                0x000000008001acd0       0x38 C:/devkitPro/libogc/lib/wii\libogc.a(system.o)
                0x000000008001acd0                SYS_GetArena2Hi
 .text.SYS_AllocateFramebuffer
                0x000000008001ad08       0x28 C:/devkitPro/libogc/lib/wii\libogc.a(system.o)
                0x000000008001ad08                SYS_AllocateFramebuffer
 .text.SYS_CreateAlarm
                0x000000008001ad30      0x10c C:/devkitPro/libogc/lib/wii\libogc.a(system.o)
                0x000000008001ad30                SYS_CreateAlarm
 .text.SYS_SetAlarm
                0x000000008001ae3c      0x1b0 C:/devkitPro/libogc/lib/wii\libogc.a(system.o)
                0x000000008001ae3c                SYS_SetAlarm
 .text.SYS_SetPeriodicAlarm
                0x000000008001afec      0x228 C:/devkitPro/libogc/lib/wii\libogc.a(system.o)
                0x000000008001afec                SYS_SetPeriodicAlarm
 .text.SYS_RemoveAlarm
                0x000000008001b214      0x12c C:/devkitPro/libogc/lib/wii\libogc.a(system.o)
                0x000000008001b214                SYS_RemoveAlarm
 .text.SYS_CancelAlarm
                0x000000008001b340       0xdc C:/devkitPro/libogc/lib/wii\libogc.a(system.o)
                0x000000008001b340                SYS_CancelAlarm
 .text.SYS_GetWirelessID
                0x000000008001b41c       0x90 C:/devkitPro/libogc/lib/wii\libogc.a(system.o)
                0x000000008001b41c                SYS_GetWirelessID
 .text.SYS_SetWirelessID
                0x000000008001b4ac       0x90 C:/devkitPro/libogc/lib/wii\libogc.a(system.o)
                0x000000008001b4ac                SYS_SetWirelessID
 .text.SYS_SetGBSMode
                0x000000008001b53c       0xa8 C:/devkitPro/libogc/lib/wii\libogc.a(system.o)
                0x000000008001b53c                SYS_SetGBSMode
 .text.__sram_init
                0x000000008001b5e4      0x1b4 C:/devkitPro/libogc/lib/wii\libogc.a(system.o)
                0x000000008001b5e4                __sram_init
 .text.SYS_Init
                0x000000008001b798      0x5f0 C:/devkitPro/libogc/lib/wii\libogc.a(system.o)
                0x000000008001b798                SYS_Init
 .text.SYS_GetHollywoodRevision
                0x000000008001bd88       0x3c C:/devkitPro/libogc/lib/wii\libogc.a(system.o)
                0x000000008001bd88                SYS_GetHollywoodRevision
 .text.__lwp_cond_init
                0x000000008001bdc4       0x14 C:/devkitPro/libogc/lib/wii\libogc.a(cond.o)
                0x000000008001bdc4                __lwp_cond_init
 .text.__decrementer_init
                0x000000008001bdd8        0x4 C:/devkitPro/libogc/lib/wii\libogc.a(decrementer.o)
                0x000000008001bdd8                __decrementer_init
 .text.c_decrementer_handler
                0x000000008001bddc        0xc C:/devkitPro/libogc/lib/wii\libogc.a(decrementer.o)
                0x000000008001bddc                c_decrementer_handler
 .text.__lwp_mqbox_init
                0x000000008001bde8       0x14 C:/devkitPro/libogc/lib/wii\libogc.a(message.o)
                0x000000008001bde8                __lwp_mqbox_init
 .text.__si_transfer
                0x000000008001bdfc      0x188 C:/devkitPro/libogc/lib/wii\libogc.a(si.o)
 .text.__si_alarmhandler
                0x000000008001bf84       0xe0 C:/devkitPro/libogc/lib/wii\libogc.a(si.o)
 .text.__si_completetransfer
                0x000000008001c064      0x1f4 C:/devkitPro/libogc/lib/wii\libogc.a(si.o)
 .text.__si_transfernext
                0x000000008001c258       0xe8 C:/devkitPro/libogc/lib/wii\libogc.a(si.o)
 .text.SI_Busy  0x000000008001c340       0x18 C:/devkitPro/libogc/lib/wii\libogc.a(si.o)
                0x000000008001c340                SI_Busy
 .text.SI_IsChanBusy
                0x000000008001c358       0x38 C:/devkitPro/libogc/lib/wii\libogc.a(si.o)
                0x000000008001c358                SI_IsChanBusy
 .text.SI_SetXY
                0x000000008001c390       0x64 C:/devkitPro/libogc/lib/wii\libogc.a(si.o)
                0x000000008001c390                SI_SetXY
 .text.SI_EnablePolling
                0x000000008001c3f4       0x80 C:/devkitPro/libogc/lib/wii\libogc.a(si.o)
                0x000000008001c3f4                SI_EnablePolling
 .text.SI_DisablePolling
                0x000000008001c474       0x58 C:/devkitPro/libogc/lib/wii\libogc.a(si.o)
                0x000000008001c474                SI_DisablePolling
 .text.SI_SetSamplingRate
                0x000000008001c4cc       0xdc C:/devkitPro/libogc/lib/wii\libogc.a(si.o)
                0x000000008001c4cc                SI_SetSamplingRate
 .text.SI_RefreshSamplingRate
                0x000000008001c5a8        0x8 C:/devkitPro/libogc/lib/wii\libogc.a(si.o)
                0x000000008001c5a8                SI_RefreshSamplingRate
 .text.SI_GetStatus
                0x000000008001c5b0       0x78 C:/devkitPro/libogc/lib/wii\libogc.a(si.o)
                0x000000008001c5b0                SI_GetStatus
 .text.SI_GetResponseRaw
                0x000000008001c628       0xe8 C:/devkitPro/libogc/lib/wii\libogc.a(si.o)
                0x000000008001c628                SI_GetResponseRaw
 .text.SI_GetResponse
                0x000000008001c710       0xb8 C:/devkitPro/libogc/lib/wii\libogc.a(si.o)
                0x000000008001c710                SI_GetResponse
 .text.SI_SetCommand
                0x000000008001c7c8       0x10 C:/devkitPro/libogc/lib/wii\libogc.a(si.o)
                0x000000008001c7c8                SI_SetCommand
 .text.SI_Transfer
                0x000000008001c7d8      0x250 C:/devkitPro/libogc/lib/wii\libogc.a(si.o)
                0x000000008001c7d8                SI_Transfer
 .text.__si_gettypecallback
                0x000000008001ca28      0x2c0 C:/devkitPro/libogc/lib/wii\libogc.a(si.o)
 .text.__si_interrupthandler
                0x000000008001cce8      0x26c C:/devkitPro/libogc/lib/wii\libogc.a(si.o)
 .text.SI_GetType
                0x000000008001cf54      0x1f4 C:/devkitPro/libogc/lib/wii\libogc.a(si.o)
                0x000000008001cf54                SI_GetType
 .text.SI_GetTypeAsync
                0x000000008001d148      0x138 C:/devkitPro/libogc/lib/wii\libogc.a(si.o)
                0x000000008001d148                SI_GetTypeAsync
 .text.SI_EnablePollingInterrupt
                0x000000008001d280       0x80 C:/devkitPro/libogc/lib/wii\libogc.a(si.o)
                0x000000008001d280                SI_EnablePollingInterrupt
 .text.SI_UnregisterPollingHandler
                0x000000008001d300       0xdc C:/devkitPro/libogc/lib/wii\libogc.a(si.o)
                0x000000008001d300                SI_UnregisterPollingHandler
 .text.__si_init
                0x000000008001d3dc       0xe8 C:/devkitPro/libogc/lib/wii\libogc.a(si.o)
                0x000000008001d3dc                __si_init
 .text.__ipc_sendrequest
                0x000000008001d4c4      0x104 C:/devkitPro/libogc/lib/wii\libogc.a(ipc.o)
 .text.__ipc_syncrequest
                0x000000008001d5c8       0xe4 C:/devkitPro/libogc/lib/wii\libogc.a(ipc.o)
 .text.__ioctlvfmtCB
                0x000000008001d6ac      0x158 C:/devkitPro/libogc/lib/wii\libogc.a(ipc.o)
 .text.__ios_ioctlvformat_parse
                0x000000008001d804      0x80c C:/devkitPro/libogc/lib/wii\libogc.a(ipc.o)
 .text.__ipc_asyncrequest
                0x000000008001e010      0x144 C:/devkitPro/libogc/lib/wii\libogc.a(ipc.o)
 .text.__ipc_interrupthandler
                0x000000008001e154      0x33c C:/devkitPro/libogc/lib/wii\libogc.a(ipc.o)
 .text.iosCreateHeap
                0x000000008001e490      0x12c C:/devkitPro/libogc/lib/wii\libogc.a(ipc.o)
                0x000000008001e490                iosCreateHeap
 .text.iosAlloc
                0x000000008001e5bc       0x30 C:/devkitPro/libogc/lib/wii\libogc.a(ipc.o)
                0x000000008001e5bc                iosAlloc
 .text.iosFree  0x000000008001e5ec       0x28 C:/devkitPro/libogc/lib/wii\libogc.a(ipc.o)
                0x000000008001e5ec                iosFree
 .text.__IPC_ClntInit
                0x000000008001e614       0xc8 C:/devkitPro/libogc/lib/wii\libogc.a(ipc.o)
                0x000000008001e614                __IPC_ClntInit
 .text.IOS_Open
                0x000000008001e6dc      0x110 C:/devkitPro/libogc/lib/wii\libogc.a(ipc.o)
                0x000000008001e6dc                IOS_Open
 .text.IOS_Close
                0x000000008001e7ec       0xf0 C:/devkitPro/libogc/lib/wii\libogc.a(ipc.o)
                0x000000008001e7ec                IOS_Close
 .text.IOS_CloseAsync
                0x000000008001e8dc       0xb4 C:/devkitPro/libogc/lib/wii\libogc.a(ipc.o)
                0x000000008001e8dc                IOS_CloseAsync
 .text.IOS_Read
                0x000000008001e990      0x10c C:/devkitPro/libogc/lib/wii\libogc.a(ipc.o)
                0x000000008001e990                IOS_Read
 .text.IOS_Write
                0x000000008001ea9c      0x10c C:/devkitPro/libogc/lib/wii\libogc.a(ipc.o)
                0x000000008001ea9c                IOS_Write
 .text.IOS_Ioctl
                0x000000008001eba8      0x158 C:/devkitPro/libogc/lib/wii\libogc.a(ipc.o)
                0x000000008001eba8                IOS_Ioctl
 .text.IOS_IoctlAsync
                0x000000008001ed00      0x148 C:/devkitPro/libogc/lib/wii\libogc.a(ipc.o)
                0x000000008001ed00                IOS_IoctlAsync
 .text.IOS_Ioctlv
                0x000000008001ee48      0x1f0 C:/devkitPro/libogc/lib/wii\libogc.a(ipc.o)
                0x000000008001ee48                IOS_Ioctlv
 .text.IOS_IoctlvAsync
                0x000000008001f038      0x1d4 C:/devkitPro/libogc/lib/wii\libogc.a(ipc.o)
                0x000000008001f038                IOS_IoctlvAsync
 .text.IOS_IoctlvFormat
                0x000000008001f20c      0x16c C:/devkitPro/libogc/lib/wii\libogc.a(ipc.o)
                0x000000008001f20c                IOS_IoctlvFormat
 .text.IOS_IoctlvReboot
                0x000000008001f378      0x1f4 C:/devkitPro/libogc/lib/wii\libogc.a(ipc.o)
                0x000000008001f378                IOS_IoctlvReboot
 .text.gettick  0x000000008001f56c        0x8 C:/devkitPro/libogc/lib/wii\libogc.a(timesupp.o)
                0x000000008001f56c                gettick
 .text.gettime  0x000000008001f574       0x18 C:/devkitPro/libogc/lib/wii\libogc.a(timesupp.o)
                0x000000008001f574                gettime
 .text.settime  0x000000008001f58c       0x14 C:/devkitPro/libogc/lib/wii\libogc.a(timesupp.o)
                0x000000008001f58c                settime
 .text.diff_usec
                0x000000008001f5a0       0x88 C:/devkitPro/libogc/lib/wii\libogc.a(timesupp.o)
                0x000000008001f5a0                diff_usec
 .text.__timesystem_init
                0x000000008001f628       0x1c C:/devkitPro/libogc/lib/wii\libogc.a(timesupp.o)
                0x000000008001f628                __timesystem_init
 .text.udelay   0x000000008001f644       0xac C:/devkitPro/libogc/lib/wii\libogc.a(timesupp.o)
                0x000000008001f644                udelay
 .text.__libogc_nanosleep
                0x000000008001f6f0      0x154 C:/devkitPro/libogc/lib/wii\libogc.a(timesupp.o)
                0x000000008001f6f0                __libogc_nanosleep
 .text.__libogc_lock_init
                0x000000008001f844       0x78 C:/devkitPro/libogc/lib/wii\libogc.a(lock_supp.o)
                0x000000008001f844                __libogc_lock_init
 .text.__libogc_lock_close
                0x000000008001f8bc       0x64 C:/devkitPro/libogc/lib/wii\libogc.a(lock_supp.o)
                0x000000008001f8bc                __libogc_lock_close
 .text.__libogc_lock_acquire
                0x000000008001f920       0x20 C:/devkitPro/libogc/lib/wii\libogc.a(lock_supp.o)
                0x000000008001f920                __libogc_lock_acquire
 .text.__libogc_lock_release
                0x000000008001f940       0x20 C:/devkitPro/libogc/lib/wii\libogc.a(lock_supp.o)
                0x000000008001f940                __libogc_lock_release
 .text.__libc_create_hook
                0x000000008001f960       0x10 C:/devkitPro/libogc/lib/wii\libogc.a(newlibc.o)
                0x000000008001f960                __libc_create_hook
 .text.__libc_start_hook
                0x000000008001f970       0x9c C:/devkitPro/libogc/lib/wii\libogc.a(newlibc.o)
                0x000000008001f970                __libc_start_hook
 .text.__libc_delete_hook
                0x000000008001fa0c      0x108 C:/devkitPro/libogc/lib/wii\libogc.a(newlibc.o)
                0x000000008001fa0c                __libc_delete_hook
 .text.__libc_init
                0x000000008001fb14       0xb0 C:/devkitPro/libogc/lib/wii\libogc.a(newlibc.o)
                0x000000008001fb14                __libc_init
 .text.__usbgecko_exi_unlock
                0x000000008001fbc4       0x34 C:/devkitPro/libogc/lib/wii\libogc.a(usbgecko.o)
 .text.usb_isgeckoalive
                0x000000008001fbf8      0x1c0 C:/devkitPro/libogc/lib/wii\libogc.a(usbgecko.o)
                0x000000008001fbf8                usb_isgeckoalive
 .text.usb_sendbuffer_ex
                0x000000008001fdb8      0x214 C:/devkitPro/libogc/lib/wii\libogc.a(usbgecko.o)
                0x000000008001fdb8                usb_sendbuffer_ex
 .text.usb_sendbuffer
                0x000000008001ffcc        0x8 C:/devkitPro/libogc/lib/wii\libogc.a(usbgecko.o)
                0x000000008001ffcc                usb_sendbuffer
 .text.usb_sendbuffer_safe_ex
                0x000000008001ffd4      0x29c C:/devkitPro/libogc/lib/wii\libogc.a(usbgecko.o)
                0x000000008001ffd4                usb_sendbuffer_safe_ex
 .text.usb_sendbuffer_safe
                0x0000000080020270        0x8 C:/devkitPro/libogc/lib/wii\libogc.a(usbgecko.o)
                0x0000000080020270                usb_sendbuffer_safe
 .text.__libogc_sbrk_r
                0x0000000080020278      0x29c C:/devkitPro/libogc/lib/wii\libogc.a(sbrk.o)
                0x0000000080020278                __libogc_sbrk_r
 .text.__memlock_init
                0x0000000080020514       0x7c C:/devkitPro/libogc/lib/wii\libogc.a(malloc_lock.o)
                0x0000000080020514                __memlock_init
 .text.__libogc_malloc_lock
                0x0000000080020590      0x1fc C:/devkitPro/libogc/lib/wii\libogc.a(malloc_lock.o)
                0x0000000080020590                __libogc_malloc_lock
 .text.__libogc_malloc_unlock
                0x000000008002078c       0x64 C:/devkitPro/libogc/lib/wii\libogc.a(malloc_lock.o)
                0x000000008002078c                __libogc_malloc_unlock
 .text.__STM_SetEventHook
                0x00000000800207f0       0xb0 C:/devkitPro/libogc/lib/wii\libogc.a(stm.o)
                0x00000000800207f0                __STM_SetEventHook
 .text.__STM_Init
                0x00000000800208a0       0x94 C:/devkitPro/libogc/lib/wii\libogc.a(stm.o)
                0x00000000800208a0                __STM_Init
 .text.__STMEventHandler
                0x0000000080020934       0x60 C:/devkitPro/libogc/lib/wii\libogc.a(stm.o)
 .text.__STM_ReleaseEventHook
                0x0000000080020994       0x80 C:/devkitPro/libogc/lib/wii\libogc.a(stm.o)
                0x0000000080020994                __STM_ReleaseEventHook
 .text.__STM_Close
                0x0000000080020a14       0xac C:/devkitPro/libogc/lib/wii\libogc.a(stm.o)
                0x0000000080020a14                __STM_Close
 .text.STM_RegisterEventHandler
                0x0000000080020ac0       0x10 C:/devkitPro/libogc/lib/wii\libogc.a(stm.o)
                0x0000000080020ac0                STM_RegisterEventHandler
 .text.STM_ShutdownToStandby
                0x0000000080020ad0       0x50 C:/devkitPro/libogc/lib/wii\libogc.a(stm.o)
                0x0000000080020ad0                STM_ShutdownToStandby
 .text.STM_ShutdownToIdle
                0x0000000080020b20       0x70 C:/devkitPro/libogc/lib/wii\libogc.a(stm.o)
                0x0000000080020b20                STM_ShutdownToIdle
 .text.STM_SetLedMode
                0x0000000080020b90       0x40 C:/devkitPro/libogc/lib/wii\libogc.a(stm.o)
                0x0000000080020b90                STM_SetLedMode
 .text.STM_RebootSystem
                0x0000000080020bd0       0x50 C:/devkitPro/libogc/lib/wii\libogc.a(stm.o)
                0x0000000080020bd0                STM_RebootSystem
 .text.__IOS_InitializeSubsystems
                0x0000000080020c20       0x44 C:/devkitPro/libogc/lib/wii\libogc.a(ios.o)
                0x0000000080020c20                __IOS_InitializeSubsystems
 .text.__IOS_ShutdownSubsystems
                0x0000000080020c64       0x44 C:/devkitPro/libogc/lib/wii\libogc.a(ios.o)
                0x0000000080020c64                __IOS_ShutdownSubsystems
 .text.__IOS_LoadStartupIOS
                0x0000000080020ca8        0x8 C:/devkitPro/libogc/lib/wii\libogc.a(ios.o)
                0x0000000080020ca8                __IOS_LoadStartupIOS
 .text._ES_fstat_r
                0x0000000080020cb0      0x11c C:/devkitPro/libogc/lib/wii\libogc.a(es.o)
 .text._ES_seek_r
                0x0000000080020dcc       0xe4 C:/devkitPro/libogc/lib/wii\libogc.a(es.o)
 .text._ES_close_r
                0x0000000080020eb0       0xac C:/devkitPro/libogc/lib/wii\libogc.a(es.o)
 .text.__ES_Init
                0x0000000080020f5c       0x78 C:/devkitPro/libogc/lib/wii\libogc.a(es.o)
                0x0000000080020f5c                __ES_Init
 .text.__ES_Close
                0x0000000080020fd4       0x54 C:/devkitPro/libogc/lib/wii\libogc.a(es.o)
                0x0000000080020fd4                __ES_Close
 .text.ES_GetTitleID
                0x0000000080021028       0x94 C:/devkitPro/libogc/lib/wii\libogc.a(es.o)
                0x0000000080021028                ES_GetTitleID
 .text.ES_LaunchTitle
                0x00000000800210bc       0xa4 C:/devkitPro/libogc/lib/wii\libogc.a(es.o)
                0x00000000800210bc                ES_LaunchTitle
 .text.ES_GetNumTicketViews
                0x0000000080021160       0x98 C:/devkitPro/libogc/lib/wii\libogc.a(es.o)
                0x0000000080021160                ES_GetNumTicketViews
 .text.ES_GetTicketViews
                0x00000000800211f8       0x8c C:/devkitPro/libogc/lib/wii\libogc.a(es.o)
                0x00000000800211f8                ES_GetTicketViews
 .text.ES_GetStoredTMD
                0x0000000080021284       0x90 C:/devkitPro/libogc/lib/wii\libogc.a(es.o)
                0x0000000080021284                ES_GetStoredTMD
 .text._ES_decodepath
                0x0000000080021314      0x384 C:/devkitPro/libogc/lib/wii\libogc.a(es.o)
 .text._ES_stat_r
                0x0000000080021698       0xe8 C:/devkitPro/libogc/lib/wii\libogc.a(es.o)
 .text._ES_open_r
                0x0000000080021780      0x1c8 C:/devkitPro/libogc/lib/wii\libogc.a(es.o)
 .text.ES_ReadContent
                0x0000000080021948       0x6c C:/devkitPro/libogc/lib/wii\libogc.a(es.o)
                0x0000000080021948                ES_ReadContent
 .text._ES_read_r
                0x00000000800219b4      0x1bc C:/devkitPro/libogc/lib/wii\libogc.a(es.o)
 .text.__usbv5_messageCB
                0x0000000080021b70       0x5c C:/devkitPro/libogc/lib/wii\libogc.a(usb.o)
 .text.__usbv0_messageCB
                0x0000000080021bcc       0xa8 C:/devkitPro/libogc/lib/wii\libogc.a(usb.o)
 .text.__usb_control_message
                0x0000000080021c74      0x478 C:/devkitPro/libogc/lib/wii\libogc.a(usb.o)
 .text.__usb_interrupt_bulk_message
                0x00000000800220ec      0x2c4 C:/devkitPro/libogc/lib/wii\libogc.a(usb.o)
 .text.__usbv5_devicechangeCB
                0x00000000800223b0      0x180 C:/devkitPro/libogc/lib/wii\libogc.a(usb.o)
 .text.__usbv5_attachfinishCB
                0x0000000080022530       0xec C:/devkitPro/libogc/lib/wii\libogc.a(usb.o)
 .text.USB_FreeDescriptors.part.0
                0x000000008002261c       0xfc C:/devkitPro/libogc/lib/wii\libogc.a(usb.o)
 .text.USB_GetDescriptors.part.0
                0x0000000080022718      0x69c C:/devkitPro/libogc/lib/wii\libogc.a(usb.o)
 .text.USBV5_SuspendResume
                0x0000000080022db4      0x138 C:/devkitPro/libogc/lib/wii\libogc.a(usb.o)
 .text.USBV5_GetDescriptors
                0x0000000080022eec      0x518 C:/devkitPro/libogc/lib/wii\libogc.a(usb.o)
 .text.USB_Deinitialize
                0x0000000080023404       0xc8 C:/devkitPro/libogc/lib/wii\libogc.a(usb.o)
                0x0000000080023404                USB_Deinitialize
 .text.USB_Initialize
                0x00000000800234cc      0x2f0 C:/devkitPro/libogc/lib/wii\libogc.a(usb.o)
                0x00000000800234cc                USB_Initialize
 .text.USB_OpenDevice
                0x00000000800237bc      0x2b4 C:/devkitPro/libogc/lib/wii\libogc.a(usb.o)
                0x00000000800237bc                USB_OpenDevice
 .text.USBV5_CloseDevice
                0x0000000080023a70      0x138 C:/devkitPro/libogc/lib/wii\libogc.a(usb.o)
                0x0000000080023a70                USBV5_CloseDevice
 .text.USB_CloseDeviceAsync
                0x0000000080023ba8       0xd0 C:/devkitPro/libogc/lib/wii\libogc.a(usb.o)
                0x0000000080023ba8                USB_CloseDeviceAsync
 .text.USB_ReadIntrMsgAsync
                0x0000000080023c78       0x28 C:/devkitPro/libogc/lib/wii\libogc.a(usb.o)
                0x0000000080023c78                USB_ReadIntrMsgAsync
 .text.USB_ReadBlkMsgAsync
                0x0000000080023ca0       0x28 C:/devkitPro/libogc/lib/wii\libogc.a(usb.o)
                0x0000000080023ca0                USB_ReadBlkMsgAsync
 .text.USB_WriteBlkMsgAsync
                0x0000000080023cc8       0x28 C:/devkitPro/libogc/lib/wii\libogc.a(usb.o)
                0x0000000080023cc8                USB_WriteBlkMsgAsync
 .text.USB_WriteCtrlMsgAsync
                0x0000000080023cf0        0x4 C:/devkitPro/libogc/lib/wii\libogc.a(usb.o)
                0x0000000080023cf0                USB_WriteCtrlMsgAsync
 .text.__CheckARGV
                0x0000000080023cf4       0x80 C:/devkitPro/libogc/lib/wii\libogc.a(argv.o)
                0x0000000080023cf4                __CheckARGV
 .text.CONF_Init
                0x0000000080023d74      0x168 C:/devkitPro/libogc/lib/wii\libogc.a(conf.o)
                0x0000000080023d74                CONF_Init
 .text.__CONF_GetTxt
                0x0000000080023edc      0x208 C:/devkitPro/libogc/lib/wii\libogc.a(conf.o)
                0x0000000080023edc                __CONF_GetTxt
 .text.__CONF_Find
                0x00000000800240e4       0xfc C:/devkitPro/libogc/lib/wii\libogc.a(conf.o)
                0x00000000800240e4                __CONF_Find
 .text.CONF_GetLength
                0x00000000800241e0      0x12c C:/devkitPro/libogc/lib/wii\libogc.a(conf.o)
                0x00000000800241e0                CONF_GetLength
 .text.CONF_Get
                0x000000008002430c      0x13c C:/devkitPro/libogc/lib/wii\libogc.a(conf.o)
                0x000000008002430c                CONF_Get
 .text.CONF_GetShutdownMode
                0x0000000080024448       0x54 C:/devkitPro/libogc/lib/wii\libogc.a(conf.o)
                0x0000000080024448                CONF_GetShutdownMode
 .text.CONF_GetIdleLedMode
                0x000000008002449c       0x54 C:/devkitPro/libogc/lib/wii\libogc.a(conf.o)
                0x000000008002449c                CONF_GetIdleLedMode
 .text.CONF_GetProgressiveScan
                0x00000000800244f0       0x54 C:/devkitPro/libogc/lib/wii\libogc.a(conf.o)
                0x00000000800244f0                CONF_GetProgressiveScan
 .text.CONF_GetEuRGB60
                0x0000000080024544       0x54 C:/devkitPro/libogc/lib/wii\libogc.a(conf.o)
                0x0000000080024544                CONF_GetEuRGB60
 .text.CONF_GetIRSensitivity
                0x0000000080024598       0x54 C:/devkitPro/libogc/lib/wii\libogc.a(conf.o)
                0x0000000080024598                CONF_GetIRSensitivity
 .text.CONF_GetSensorBarPosition
                0x00000000800245ec       0x54 C:/devkitPro/libogc/lib/wii\libogc.a(conf.o)
                0x00000000800245ec                CONF_GetSensorBarPosition
 .text.CONF_GetCounterBias
                0x0000000080024640       0x4c C:/devkitPro/libogc/lib/wii\libogc.a(conf.o)
                0x0000000080024640                CONF_GetCounterBias
 .text.CONF_GetDisplayOffsetH
                0x000000008002468c       0x4c C:/devkitPro/libogc/lib/wii\libogc.a(conf.o)
                0x000000008002468c                CONF_GetDisplayOffsetH
 .text.CONF_GetPadDevices
                0x00000000800246d8       0x4c C:/devkitPro/libogc/lib/wii\libogc.a(conf.o)
                0x00000000800246d8                CONF_GetPadDevices
 .text.CONF_GetVideo
                0x0000000080024724       0x8c C:/devkitPro/libogc/lib/wii\libogc.a(conf.o)
                0x0000000080024724                CONF_GetVideo
 .text.__WII_WriteNANDBootInfo
                0x00000000800247b0       0xc4 C:/devkitPro/libogc/lib/wii\libogc.a(wiilaunch.o)
 .text.__WII_WriteStateFlags
                0x0000000080024874       0x9c C:/devkitPro/libogc/lib/wii\libogc.a(wiilaunch.o)
 .text.WII_Initialize
                0x0000000080024910      0x188 C:/devkitPro/libogc/lib/wii\libogc.a(wiilaunch.o)
                0x0000000080024910                WII_Initialize
 .text.WII_LaunchTitle
                0x0000000080024a98      0x1ac C:/devkitPro/libogc/lib/wii\libogc.a(wiilaunch.o)
                0x0000000080024a98                WII_LaunchTitle
 .text.WII_ReturnToMenu
                0x0000000080024c44       0x58 C:/devkitPro/libogc/lib/wii\libogc.a(wiilaunch.o)
                0x0000000080024c44                WII_ReturnToMenu
 .text.__lwp_priority_init
                0x0000000080024c9c       0x1c C:/devkitPro/libogc/lib/wii\libogc.a(lwp_priority.o)
                0x0000000080024c9c                __lwp_priority_init
 .text.__lwp_threadqueue_enqueuefifo
                0x0000000080024cb8      0x144 C:/devkitPro/libogc/lib/wii\libogc.a(lwp_threadq.o)
                0x0000000080024cb8                __lwp_threadqueue_enqueuefifo
 .text.__lwp_threadqueue_dequeuefifo
                0x0000000080024dfc      0x14c C:/devkitPro/libogc/lib/wii\libogc.a(lwp_threadq.o)
                0x0000000080024dfc                __lwp_threadqueue_dequeuefifo
 .text.__lwp_threadqueue_enqueuepriority
                0x0000000080024f48      0x334 C:/devkitPro/libogc/lib/wii\libogc.a(lwp_threadq.o)
                0x0000000080024f48                __lwp_threadqueue_enqueuepriority
 .text.__lwp_threadqueue_dequeuepriority
                0x000000008002527c      0x1d8 C:/devkitPro/libogc/lib/wii\libogc.a(lwp_threadq.o)
                0x000000008002527c                __lwp_threadqueue_dequeuepriority
 .text.__lwp_threadqueue_init
                0x0000000080025454       0x64 C:/devkitPro/libogc/lib/wii\libogc.a(lwp_threadq.o)
                0x0000000080025454                __lwp_threadqueue_init
 .text.__lwp_threadqueue_enqueue
                0x00000000800254b8      0x138 C:/devkitPro/libogc/lib/wii\libogc.a(lwp_threadq.o)
                0x00000000800254b8                __lwp_threadqueue_enqueue
 .text.__lwp_threadqueue_dequeue
                0x00000000800255f0       0x24 C:/devkitPro/libogc/lib/wii\libogc.a(lwp_threadq.o)
                0x00000000800255f0                __lwp_threadqueue_dequeue
 .text.__lwp_threadqueue_flush
                0x0000000080025614       0x68 C:/devkitPro/libogc/lib/wii\libogc.a(lwp_threadq.o)
                0x0000000080025614                __lwp_threadqueue_flush
 .text.__lwp_threadqueue_extractfifo
                0x000000008002567c       0xe8 C:/devkitPro/libogc/lib/wii\libogc.a(lwp_threadq.o)
                0x000000008002567c                __lwp_threadqueue_extractfifo
 .text.__lwp_threadqueue_extractpriority
                0x0000000080025764      0x148 C:/devkitPro/libogc/lib/wii\libogc.a(lwp_threadq.o)
                0x0000000080025764                __lwp_threadqueue_extractpriority
 .text.__lwp_threadqueue_timeout
                0x00000000800258ac       0xd0 C:/devkitPro/libogc/lib/wii\libogc.a(lwp_threadq.o)
 .text.__lwp_threadqueue_extractproxy
                0x000000008002597c       0x88 C:/devkitPro/libogc/lib/wii\libogc.a(lwp_threadq.o)
                0x000000008002597c                __lwp_threadqueue_extractproxy
 .text.__lwp_mutex_initialize
                0x0000000080025a04       0xa4 C:/devkitPro/libogc/lib/wii\libogc.a(lwp_mutex.o)
                0x0000000080025a04                __lwp_mutex_initialize
 .text.__lwp_mutex_surrender
                0x0000000080025aa8      0x164 C:/devkitPro/libogc/lib/wii\libogc.a(lwp_mutex.o)
                0x0000000080025aa8                __lwp_mutex_surrender
 .text.__lwp_mutex_seize_irq_blocking
                0x0000000080025c0c       0xf8 C:/devkitPro/libogc/lib/wii\libogc.a(lwp_mutex.o)
                0x0000000080025c0c                __lwp_mutex_seize_irq_blocking
 .text.__lwp_mutex_flush
                0x0000000080025d04        0x4 C:/devkitPro/libogc/lib/wii\libogc.a(lwp_mutex.o)
                0x0000000080025d04                __lwp_mutex_flush
 .text.__systemcall_init
                0x0000000080025d08       0x70 C:/devkitPro/libogc/lib/wii\libogc.a(exception.o)
                0x0000000080025d08                __systemcall_init
 .text.__exception_init
                0x0000000080025d78      0x12c C:/devkitPro/libogc/lib/wii\libogc.a(exception.o)
                0x0000000080025d78                __exception_init
 .text.__exception_close
                0x0000000080025ea4       0xac C:/devkitPro/libogc/lib/wii\libogc.a(exception.o)
                0x0000000080025ea4                __exception_close
 .text.__exception_closeall
                0x0000000080025f50       0x80 C:/devkitPro/libogc/lib/wii\libogc.a(exception.o)
                0x0000000080025f50                __exception_closeall
 .text.c_default_exceptionhandler
                0x0000000080025fd0      0x438 C:/devkitPro/libogc/lib/wii\libogc.a(exception.o)
                0x0000000080025fd0                c_default_exceptionhandler
 .text.__lwp_sema_init
                0x0000000080026408       0x14 C:/devkitPro/libogc/lib/wii\libogc.a(semaphore.o)
                0x0000000080026408                __lwp_sema_init
 .text.SPEC1_MakeStatus
                0x000000008002641c       0xf8 C:/devkitPro/libogc/lib/wii\libogc.a(pad.o)
 .text.__pad_samplinghandler
                0x0000000080026514        0x4 C:/devkitPro/libogc/lib/wii\libogc.a(pad.o)
 .text.__pad_doreset
                0x0000000080026518       0x50 C:/devkitPro/libogc/lib/wii\libogc.a(pad.o)
 .text.__pad_updateorigin
                0x0000000080026568       0xa0 C:/devkitPro/libogc/lib/wii\libogc.a(pad.o)
 .text.__pad_disable
                0x0000000080026608       0xbc C:/devkitPro/libogc/lib/wii\libogc.a(pad.o)
 .text.__pad_receivecheckcallback
                0x00000000800266c4       0x84 C:/devkitPro/libogc/lib/wii\libogc.a(pad.o)
 .text.__pad_typeandstatuscallback
                0x0000000080026748      0x1ac C:/devkitPro/libogc/lib/wii\libogc.a(pad.o)
 .text.__pad_originupdatecallback
                0x00000000800268f4       0x74 C:/devkitPro/libogc/lib/wii\libogc.a(pad.o)
 .text.__pad_onreset
                0x0000000080026968      0x108 C:/devkitPro/libogc/lib/wii\libogc.a(pad.o)
 .text.SPEC2_MakeStatus
                0x0000000080026a70      0x1f8 C:/devkitPro/libogc/lib/wii\libogc.a(pad.o)
 .text.__pad_origincallback
                0x0000000080026c68       0x74 C:/devkitPro/libogc/lib/wii\libogc.a(pad.o)
 .text.__pad_probecallback
                0x0000000080026cdc       0x88 C:/devkitPro/libogc/lib/wii\libogc.a(pad.o)
 .text.__PADDisableRecalibration
                0x0000000080026d64       0x58 C:/devkitPro/libogc/lib/wii\libogc.a(pad.o)
                0x0000000080026d64                __PADDisableRecalibration
 .text.PAD_Reset
                0x0000000080026dbc       0xf0 C:/devkitPro/libogc/lib/wii\libogc.a(pad.o)
                0x0000000080026dbc                PAD_Reset
 .text.PAD_Read
                0x0000000080026eac      0x2f8 C:/devkitPro/libogc/lib/wii\libogc.a(pad.o)
                0x0000000080026eac                PAD_Read
 .text.PAD_Init